[    0.000000] Initializing cgroup subsys cpuset
[    0.000000] Initializing cgroup subsys cpu
[    0.000000] Initializing cgroup subsys cpuacct
[    0.000000] Linux version 4.4.0-146-generic (buildd@lcy01-amd64-025) (gcc version 5.4.0 20160609 (Ubuntu 5.4.0-6ubuntu1~16.04.10) ) #172-Ubuntu SMP Wed Apr 3 09:00:08 UTC 2019 (Ubuntu 4.4.0-146.172-generic 4.4.177)
[    0.000000] Command line: BOOT_IMAGE=/boot/vmlinuz-4.4.0-146-generic root=LABEL=cloudimg-rootfs ro console=tty1 console=ttyS0
[    0.000000] KERNEL supported cpus:
[    0.000000]   Intel GenuineIntel
[    0.000000]   AMD AuthenticAMD
[    0.000000]   Centaur CentaurHauls
[    0.000000] x86/fpu: xstate_offset[2]:  576, xstate_sizes[2]:  256
[    0.000000] x86/fpu: Supporting XSAVE feature 0x01: 'x87 floating point registers'
[    0.000000] x86/fpu: Supporting XSAVE feature 0x02: 'SSE registers'
[    0.000000] x86/fpu: Supporting XSAVE feature 0x04: 'AVX registers'
[    0.000000] x86/fpu: Enabled xstate features 0x7, context size is 832 bytes, using 'standard' format.
[    0.000000] e820: BIOS-provided physical RAM map:
[    0.000000] BIOS-e820: [mem 0x0000000000000000-0x000000000009fbff] usable
[    0.000000] BIOS-e820: [mem 0x000000000009fc00-0x000000000009ffff] reserved
[    0.000000] BIOS-e820: [mem 0x00000000000f0000-0x00000000000fffff] reserved
[    0.000000] BIOS-e820: [mem 0x0000000000100000-0x000000003ffeffff] usable
[    0.000000] BIOS-e820: [mem 0x000000003fff0000-0x000000003fffffff] ACPI data
[    0.000000] BIOS-e820: [mem 0x00000000fec00000-0x00000000fec00fff] reserved
[    0.000000] BIOS-e820: [mem 0x00000000fee00000-0x00000000fee00fff] reserved
[    0.000000] BIOS-e820: [mem 0x00000000fffc0000-0x00000000ffffffff] reserved
[    0.000000] NX (Execute Disable) protection: active
[    0.000000] SMBIOS 2.5 present.
[    0.000000] Hypervisor detected: KVM
[    0.000000] e820: last_pfn = 0x3fff0 max_arch_pfn = 0x400000000
[    0.000000] MTRR: Disabled
[    0.000000] x86/PAT: MTRRs disabled, skipping PAT initialization too.
[    0.000000] CPU MTRRs all blank - virtualized system.
[    0.000000] x86/PAT: Configuration [0-7]: WB  WT  UC- UC  WB  WT  UC- UC  
[    0.000000] found SMP MP-table at [mem 0x0009fff0-0x0009ffff] mapped at [ffff88000009fff0]
[    0.000000] Scanning 1 areas for low memory corruption
[    0.000000] RAMDISK: [mem 0x362fa000-0x37174fff]
[    0.000000] ACPI: Early table checksum verification disabled
[    0.000000] ACPI: RSDP 0x00000000000E0000 000024 (v02 VBOX  )
[    0.000000] ACPI: XSDT 0x000000003FFF0030 00003C (v01 VBOX   VBOXXSDT 00000001 ASL  00000061)
[    0.000000] ACPI: FACP 0x000000003FFF00F0 0000F4 (v04 VBOX   VBOXFACP 00000001 ASL  00000061)
[    0.000000] ACPI: DSDT 0x000000003FFF0470 0022EA (v02 VBOX   VBOXBIOS 00000002 INTL 20100528)
[    0.000000] ACPI: FACS 0x000000003FFF0200 000040
[    0.000000] ACPI: FACS 0x000000003FFF0200 000040
[    0.000000] ACPI: APIC 0x000000003FFF0240 00005C (v02 VBOX   VBOXAPIC 00000001 ASL  00000061)
[    0.000000] ACPI: SSDT 0x000000003FFF02A0 0001CC (v01 VBOX   VBOXCPUT 00000002 INTL 20100528)
[    0.000000] No NUMA configuration found
[    0.000000] Faking a node at [mem 0x0000000000000000-0x000000003ffeffff]
[    0.000000] NODE_DATA(0) allocated [mem 0x3ffeb000-0x3ffeffff]
[    0.000000] kvm-clock: Using msrs 4b564d01 and 4b564d00
[    0.000000] kvm-clock: cpu 0, msr 0:3ffe3001, primary cpu clock
[    0.000000] kvm-clock: using sched offset of 5895754380 cycles
[    0.000000] clocksource: kvm-clock: mask: 0xffffffffffffffff max_cycles: 0x1cd42e4dffb, max_idle_ns: 881590591483 ns
[    0.000000] Zone ranges:
[    0.000000]   DMA      [mem 0x0000000000001000-0x0000000000ffffff]
[    0.000000]   DMA32    [mem 0x0000000001000000-0x000000003ffeffff]
[    0.000000]   Normal   empty
[    0.000000]   Device   empty
[    0.000000] Movable zone start for each node
[    0.000000] Early memory node ranges
[    0.000000]   node   0: [mem 0x0000000000001000-0x000000000009efff]
[    0.000000]   node   0: [mem 0x0000000000100000-0x000000003ffeffff]
[    0.000000] Initmem setup node 0 [mem 0x0000000000001000-0x000000003ffeffff]
[    0.000000] ACPI: PM-Timer IO Port: 0x4008
[    0.000000] IOAPIC[0]: apic_id 2, version 32, address 0xfec00000, GSI 0-23
[    0.000000] ACPI: INT_SRC_OVR (bus 0 bus_irq 0 global_irq 2 dfl dfl)
[    0.000000] ACPI: INT_SRC_OVR (bus 0 bus_irq 9 global_irq 9 low level)
[    0.000000] Using ACPI (MADT) for SMP configuration information
[    0.000000] smpboot: Allowing 2 CPUs, 0 hotplug CPUs
[    0.000000] PM: Registered nosave memory: [mem 0x00000000-0x00000fff]
[    0.000000] PM: Registered nosave memory: [mem 0x0009f000-0x0009ffff]
[    0.000000] PM: Registered nosave memory: [mem 0x000a0000-0x000effff]
[    0.000000] PM: Registered nosave memory: [mem 0x000f0000-0x000fffff]
[    0.000000] e820: [mem 0x40000000-0xfebfffff] available for PCI devices
[    0.000000] Booting paravirtualized kernel on KVM
[    0.000000] clocksource: refined-jiffies: mask: 0xffffffff max_cycles: 0xffffffff, max_idle_ns: 7645519600211568 ns
[    0.000000] setup_percpu: NR_CPUS:512 nr_cpumask_bits:512 nr_cpu_ids:2 nr_node_ids:1
[    0.000000] PERCPU: Embedded 34 pages/cpu @ffff88003fc00000 s99480 r8192 d31592 u1048576
[    0.000000] Built 1 zonelists in Node order, mobility grouping on.  Total pages: 257912
[    0.000000] Policy zone: DMA32
[    0.000000] Kernel command line: BOOT_IMAGE=/boot/vmlinuz-4.4.0-146-generic root=LABEL=cloudimg-rootfs ro console=tty1 console=ttyS0
[    0.000000] PID hash table entries: 4096 (order: 3, 32768 bytes)
[    0.000000] Memory: 997732K/1048120K available (8609K kernel code, 1334K rwdata, 4028K rodata, 1484K init, 1284K bss, 50388K reserved, 0K cma-reserved)
[    0.000000] SLUB: HWalign=64, Order=0-3, MinObjects=0, CPUs=2, Nodes=1
[    0.000000] Kernel/User page tables isolation: enabled
[    0.000000] Hierarchical RCU implementation.
[    0.000000] 	Build-time adjustment of leaf fanout to 64.
[    0.000000] 	RCU restricting CPUs from NR_CPUS=512 to nr_cpu_ids=2.
[    0.000000] RCU: Adjusting geometry for rcu_fanout_leaf=64, nr_cpu_ids=2
[    0.000000] NR_IRQS:33024 nr_irqs:440 16
[    0.000000] Console: colour VGA+ 80x25
[    0.000000] console [tty1] enabled
[    0.000000] console [ttyS0] enabled
[    0.000000] tsc: Detected 1599.999 MHz processor
[    0.479197] Calibrating delay loop (skipped) preset value.. 3199.99 BogoMIPS (lpj=6399996)
[    0.488927] pid_max: default: 32768 minimum: 301
[    0.494656] ACPI: Core revision 20150930
[    0.500351] ACPI: 2 ACPI AML tables successfully acquired and loaded
[    0.507613] Security Framework initialized
[    0.512618] Yama: becoming mindful.
[    0.516565] AppArmor: AppArmor initialized
[    0.521420] Dentry cache hash table entries: 131072 (order: 8, 1048576 bytes)
[    0.532418] Inode-cache hash table entries: 65536 (order: 7, 524288 bytes)
[    0.539066] Mount-cache hash table entries: 2048 (order: 2, 16384 bytes)
[    0.546506] Mountpoint-cache hash table entries: 2048 (order: 2, 16384 bytes)
[    0.552507] Initializing cgroup subsys io
[    0.557423] Initializing cgroup subsys memory
[    0.562450] Initializing cgroup subsys devices
[    0.567122] Initializing cgroup subsys freezer
[    0.572025] Initializing cgroup subsys net_cls
[    0.576613] Initializing cgroup subsys perf_event
[    0.582347] Initializing cgroup subsys net_prio
[    0.586529] Initializing cgroup subsys hugetlb
[    0.591776] Initializing cgroup subsys pids
[    0.597455] mce: CPU supports 0 MCE banks
[    0.602621] Last level iTLB entries: 4KB 64, 2MB 8, 4MB 8
[    0.608894] Last level dTLB entries: 4KB 64, 2MB 0, 4MB 0, 1GB 4
[    0.613297] Spectre V2 : Mitigation: Full generic retpoline
[    0.620283] Spectre V2 : Spectre v2 / SpectreRSB mitigation: Filling RSB on context switch
[    0.626694] Speculative Store Bypass: Vulnerable
[    0.635587] Freeing SMP alternatives memory: 36K
[    0.646479] ftrace: allocating 32287 entries in 127 pages
[    0.717692] smpboot: APIC(0) Converting physical 0 to logical package 0
[    0.723046] smpboot: Max logical packages: 1
[    0.726656] x2apic enabled
[    0.729313] Switched APIC routing to physical x2apic.
[    0.734747] ..TIMER: vector=0x30 apic1=0 pin1=2 apic2=-1 pin2=-1
[    0.846663] smpboot: CPU0: Intel(R) Core(TM) i5-5250U CPU @ 1.60GHz (family: 0x6, model: 0x3d, stepping: 0x4)
[    0.858803] Performance Events: unsupported p6 CPU model 61 no PMU driver, software events only.
[    0.879975] KVM setup paravirtual spinlock
[    0.888720] x86: Booting SMP configuration:
[    0.891325] .... node  #0, CPUs:      #1
[    0.894035] kvm-clock: cpu 1, msr 0:3ffe3041, secondary cpu clock
[    0.898118] mce: CPU supports 0 MCE banks
[    0.904110] x86: Booted up 1 node, 2 CPUs
[    0.907783] smpboot: Total of 2 processors activated (6399.99 BogoMIPS)
[    0.917896] devtmpfs: initialized
[    0.924684] evm: security.selinux
[    0.928859] evm: security.SMACK64
[    0.933180] evm: security.SMACK64EXEC
[    0.940263] evm: security.SMACK64TRANSMUTE
[    0.944443] evm: security.SMACK64MMAP
[    0.948595] evm: security.ima
[    0.951997] evm: security.capability
[    0.959830] clocksource: jiffies: mask: 0xffffffff max_cycles: 0xffffffff, max_idle_ns: 7645041785100000 ns
[    0.976913] futex hash table entries: 512 (order: 3, 32768 bytes)
[    0.987311] pinctrl core: initialized pinctrl subsystem
[    0.996124] RTC time:  8:00:28, date: 05/30/19
[    1.006636] NET: Registered protocol family 16
[    1.024370] cpuidle: using governor ladder
[    1.040223] cpule: sing governor menu
[    1.185395] PCCT header not found.
[    1.188122] ACPI: bus type PCI registered
[    1.190717] acpiphp: ACPI Hot Plug PCI Controller Driver version: 0.5
[    1.194747] PCI: Using configuration type 1 for base access
[    1.210186] ACPI: Added _OSI(Module Device)
[    1.214825] ACPI: Added _OSI(Processor Device)
[    1.219164] ACPI: Added _OSI(3.0 _SCP Extensions)
[    1.223026] ACPI: Added _OSI(Processor Aggregator Device)
[    1.228056] ACPI: Executed 1 blocks of module-level executable AML code
[    1.236196] ACPI: Interpreter enabled
[    1.238776] ACPI: (supports S0 S5)
[    1.241675] ACPI: Using IOAPIC for interrupt routing
[    1.245783] PCI: Using host bridge windows from ACPI; if necessary, use "pci=nocrs" and report a bug
[    1.259188] ACPI: PCI Root Bridge [PCI0] (domain 0000 [bus 00-ff])
[    1.263434] acpi PNP0A03:00: _OSC: OS supports [ASPM ClockPM Segments MSI]
[    1.269354] acpi PNP0A03:00: _OSC: not requesting OS control; OS requires [ExtendedConfig ASPM ClockPM MSI]
[    1.278548] acpi PNP0A03:00: fail to add MMCONFIG information, can't access extended PCI configuration space under this bridge.
[    1.291662] PCI host bridge to bus 0000:00
[    1.296218] pci_bus 0000:00: root bus resource [io  0x0000-0x0cf7 window]
[    1.303360] pci_bus 0000:00: root bus resource [io  0x0d00-0xffff window]
[    1.310901] pci_bus 0000:00: root bus resource [mem 0x000a0000-0x000bffff window]
[    1.318090] pci_bus 0000:00: root bus resource [mem 0x40000000-0xfdffffff window]
[    1.326587] pci_bus 0000:00: root bus resource [bus 00-ff]
[    1.337506] pci 0000:00:01.1: legacy IDE quirk: reg 0x10: [io  0x01f0-0x01f7]
[    1.346172] pci 0000:00:01.1: legacy IDE quirk: reg 0x14: [io  0x03f6]
[    1.353710] pci 0000:00:01.1: legacy IDE quirk: reg 0x18: [io  0x0170-0x0177]
[    1.361209] pci 0000:00:01.1: legacy IDE quirk: reg 0x1c: [io  0x0376]
[    1.398086] pci 0000:00:07.0: quirk: [io  0x4000-0x403f] claimed by PIIX4 ACPI
[    1.409754] pci 0000:00:07.0: quirk: [io  0x4100-0x410f] claimed by PIIX4 SMB
[    1.489816] ACPI: PCI Interrupt Link [LNKA] (IRQs 5 9 10 *11)
[    1.519047] ACPI: PCI Interrupt Link [LNKB] (IRQs 5 9 *10 11)
[    1.545759] ACPI: PCI Interrupt Link [LNKC] (IRQs 5 *9 10 11)
[    1.560380] ACPI: PCI Interrupt Link [LNKD] (IRQs 5 9 10 *11)
[    1.575024] ACPI: Enabled 2 GPEs in block 00 to 07
[    1.580933] vgaarb: setting as boot device: PCI:0000:00:02.0
[    1.593258] vgaarb: device added: PCI:0000:00:02.0,decodes=io+mem,owns=io+mem,locks=none
[    1.603586] vgaarb: loaded
[    1.610394] vgaarb: bridge control possible 0000:00:02.0
[    1.616102] SCSI subsystem initialized
[    1.626006] ACPI: bus type USB registered
[    1.630419] usbcore: registered new interface driver usbfs
[    1.639037] usbcore: registered new interface driver hub
[    1.645407] usbcore: registered new device driver usb
[    1.653962] PCI: Using ACPI for IRQ routing
[    1.658826] NetLabel: Initializing
[    1.660873] NetLabel:  domain hash size = 128
[    1.663502] NetLabel:  protocols = UNLABELED CIPSOv4
[    1.669225] NetLabel:  unlabeled traffic allowed by default
[    1.674833] amd_nb: Cannot enumerate AMD northbridges
[    1.677971] clocksource: Switched to clocksource kvm-clock
[    1.692318] AppArmor: AppArmor Filesystem Enabled
[    1.694794] pnp: PnP ACPI init
[    1.698252] pnp: PnP ACPI: found 3 devices
[    1.713918] clocksource: acpi_pm: mask: 0xffffff max_cycles: 0xffffff, max_idle_ns: 2085701024 ns
[    1.718525] NET: Registered protocol family 2
[    1.720954] TCP established hash table entries: 8192 (order: 4, 65536 bytes)
[    1.724716] TCP bind hash table entries: 8192 (order: 5, 131072 bytes)
[    1.728246] TCP: Hash tables configured (established 8192 bind 8192)
[    1.731664] UDP hash table entries: 512 (order: 2, 16384 bytes)
[    1.734752] UDP-Lite hash table entries: 512 (order: 2, 16384 bytes)
[    1.738263] NET: Registered protocol family 1
[    1.740746] pci 0000:00:00.0: Limiting direct PCI/PCI transfers
[    1.744025] pci 0000:00:01.0: Activating ISA DMA hang workarounds
[    1.747575] Unpacking initramfs...
[    2.020578] Freeing initrd memory: 14828K
[    2.023036] RAPL PMU detected, API unit is 2^-32 Joules, 4 fixed counters 10737418240 ms ovfl timer
[    2.027649] hw unit of domain pp0-core 2^-0 Joules
[    2.030118] hw unit of domain package 2^-0 Joules
[    2.032776] hw unit of domain dram 2^-0 Joules
[    2.035443] hw unit of domain pp1-gpu 2^-0 Joules
[    2.039461] platform rtc_cmos: registered platform RTC device (no PNP device found)
[    2.044491] Scanning for low memory corruption every 60 seconds
[    2.048714] audit: initializing netlink subsys (disabled)
[    2.052392] audit: type=2000 audit(1559203236.797:1): initialized
[    2.056023] Initialise system trusted keyring
[    2.058619] HugeTLB registered 2 MB page size, pre-allocated 0 pages
[    2.063651] zbud: loaded
[    2.065758] VFS: Disk quotas dquot_6.6.0
[    2.068244] VFS: Dquot-cache hash table entries: 512 (order 0, 4096 bytes)
[    2.072445] squashfs: version 4.0 (2009/01/31) Phillip Lougher
[    2.076156] fuse init (API version 7.23)
[    2.078430] Key type big_key registered
[    2.080786] Allocating IMA MOK and blacklist keyrings.
[    2.087588] Key type asymmetric registered
[    2.089767] Asymmetric key parser 'x509' registered
[    2.092609] Block layer SCSI generic (bsg) driver version 0.4 loaded (major 249)
[    2.096978] io scheduler noop registered
[    2.099336] io scheduler deadline registered (default)
[    2.102143] io scheduler cfq registered
[    2.104759] pci_hotplug: PCI Hot Plug PCI Core version: 0.5
[    2.107869] pciehp: PCI Express Hot Plug Controller Driver version: 0.4
[    2.111835] ACPI: AC Adapter [AC] (on-line)
[    2.114457] input: Power Button as /devices/LNXSYSTM:00/LNXPWRBN:00/input/input0
[    2.118855] ACPI: Power Button [PWRF]
[    2.121089] input: Sleep Button as /devices/LNXSYSTM:00/LNXSLPBN:00/input/input1
[    2.126245] ACPI: Sleep Button [SLPF]
[    2.130289] GHES: HEST is not enabled!
[    2.130425] ACPI: Battery Slot [BAT0] (battery present)
[    2.138862] Serial: 8250/16550 driver, 32 ports, IRQ sharing enabled
 	
 !"#$%&'()*+,-./0123456789:;<=>?@ABCDEFGHIJKLMNOPQRSTUVWXYZ[\]^_`abcdefghijklmnopqrstuvwxyz{|}~ÄÅÇÉÑÖÜáàâäãåçéèêëíìîïñóòôöõúùûü†°¢£§•¶ß®©™´¨≠ÆØ∞±≤≥¥µ∂∑∏π∫ªºΩæø¿¡¬√ƒ≈∆«»… ÀÃÕŒœ–ÒÚÛÙıˆ˜¯˘˙˚¸˝˛ˇ[    2.170080] 00:02: ttyS0 at I/O 0x3f8 (irq = 4, base_baud = 115200) is a 16550A
[    2.179664] Linux agpgart interface v0.103
[    2.188378] loop: module loaded
[    2.191187] scsi host0: ata_piix
[    2.193520] scsi host1: ata_piix
[    2.195595] ata1: PATA max UDMA/33 cmd 0x1f0 ctl 0x3f6 bmdma 0xd000 irq 14
[    2.199016] ata2: PATA max UDMA/33 cmd 0x170 ctl 0x376 bmdma 0xd008 irq 15
[    2.203622] libphy: Fixed MDIO Bus: probed
[    2.207827] tun: Universal TUN/TAP device driver, 1.6
[    2.210752] tun: (C) 1999-2004 Max Krasnyansky <maxk@qualcomm.com>
[    2.214288] PPP generic driver version 2.4.2
[    2.216896] ehci_hcd: USB 2.0 'Enhanced' Host Controller (EHCI) Driver
[    2.222663] ehci-pci: EHCI PCI platform driver
[    2.225118] ehci-platform: EHCI generic platform driver
[    2.228266] ohci_hcd: USB 1.1 'Open' Host Controller (OHCI) Driver
[    2.231892] ohci-pci: OHCI PCI platform driver
[    2.236586] ohci-platform: OHCI generic platform driver
[    2.243125] uhci_hcd: USB Universal Host Controller Interface driver
[    2.247659] i8042: PNP: PS/2 Controller [PNP0303:PS2K,PNP0f03:PS2M] at 0x60,0x64 irq 1,12
[    2.256846] serio: i8042 KBD port at 0x60,0x64 irq 1
[    2.259676] serio: i8042 AUX port at 0x60,0x64 irq 12
[    2.263475] mousedev: PS/2 mouse device common for all mice
[    2.272693] input: AT Translated Set 2 keyboard as /devices/platform/i8042/serio0/input/input2
[    2.279046] rtc_cmos rtc_cmos: rtc core: registered rtc_cmos as rtc0
[    2.283708] rtc_cmos rtc_cmos: alarms up to one day, 114 bytes nvram
[    2.287553] i2c /dev entries driver
[    2.290065] device-mapper: uevent: version 1.0.3
[    2.294555] device-mapper: ioctl: 4.34.0-ioctl (2015-10-28) initialised: dm-devel@redhat.com
[    2.311508] ledtrig-cpu: registered to indicate activity on CPUs
[    2.316391] NET: Registered protocol family 10
[    2.323005] NET: Registered protocol family 17
[    2.325691] Key type dns_resolver registered
[    2.330376] registered taskstats version 1
[    2.332985] Loading compiled-in X.509 certificates
[    2.337421] Loaded X.509 cert 'Build time autogenerated kernel key: 4dcb2dc2c7cf43e0c20c44384f68683c20294489'
[    2.343779] zswap: loaded using pool lzo/zbud
[    2.348841] Key type trusted registered
[    2.356416] Key type encrypted registered
[    2.365301] AppArmor: AppArmor sha1 policy hashing enabled
[    2.374013] ima: No TPM chip found, activating TPM-bypass!
[    2.377653] ima: Allocated hash algorithm: sha1
[    2.380938] evm: HMAC attrs: 0x1
[    2.384158]   Magic number: 3:58:19
[    2.388543] rtc_cmos rtc_cmos: setting system clock to 2019-05-30 08:00:30 UTC (1559203230)
[    2.393968] BIOS EDD facility v0.16 2004-Jun-25, 0 devices found
[    2.398592] EDD information not available.
[    2.403380] Freeing unused kernel memory: 1484K
[    2.425375] Write protecting the kernel read-only data: 14336k
[    2.429802] Freeing unused kernel memory: 1620K
[    2.433209] Freeing unused kernel memory: 68K
Loading, please wait...
starting version 229
[    2.459690] random: systemd-udevd: uninitialized urandom read (16 bytes read, 5 bits of entropy available)
[    2.460461] random: udevadm: uninitialized urandom read (16 bytes read, 5 bits of entropy available)
[    2.460490] random: udevadm: uninitialized urandom read (16 bytes read, 5 bits of entropy available)
[    2.479652] random: udevadm: uninitialized urandom read (16 bytes read, 5 bits of entropy available)
[    2.479701] random: udevadm: uninitialized urandom read (16 bytes read, 5 bits of entropy available)
[    2.479843] random: udevadm: uninitialized urandom read (16 bytes read, 5 bits of entropy available)
[    2.479897] random: udevadm: uninitialized urandom read (16 bytes read, 5 bits of entropy available)
[    2.479947] random: udevadm: uninitialized urandom read (16 bytes read, 5 bits of entropy available)
[    2.479998] random: udevadm: uninitialized urandom read (16 bytes read, 5 bits of entropy available)
[    2.480048] random: udevadm: uninitialized urandom read (16 bytes read, 5 bits of entropy available)
[    2.604115] e1000: Intel(R) PRO/1000 Network Driver - version 7.3.21-k8-NAPI
[    2.638569] e1000: Copyright (c) 1999-2006 Intel Corporation.
[    2.671678] Fusion MPT base driver 3.04.20
[    2.687428] Copyright (c) 1999-2008 LSI Corporation
[    2.743940] Fusion MPT SPI Host driver 3.04.20
[    2.810552] AVX2 version of gcm_enc/dec engaged.
[    2.815641] AES CTR mode by8 optimization enabled
[    2.984615] input: ImExPS/2 Generic Explorer Mouse as /devices/platform/i8042/serio1/input/input4
[    3.038152] tsc: Refined TSC clocksource calibration: 1600.237 MHz
[    3.044601] clocksource: tsc: mask: 0xffffffffffffffff max_cycles: 0x171104e3d2f, max_idle_ns: 440795267666 ns
[    3.283223] e1000 0000:00:03.0 eth0: (PCI:33MHz:32-bit) 02:3a:f4:24:e2:72
[    3.291817] e1000 0000:00:03.0 eth0: Intel(R) PRO/1000 Network Connection
[    3.302309] mptbase: ioc0: Initiating bringup
[    3.810764] ioc0: LSI53C1030 A0: Capabilities={Initiator}
[    4.687068] scsi host2: ioc0: LSI53C1030 A0, FwRev=00000000h, Ports=1, MaxQ=256, IRQ=20
[    4.879280] scsi 2:0:0:0: Direct-Access     VBOX     HARDDISK         1.0  PQ: 0 ANSI: 5
[    4.885952] scsi target2:0:0: Beginning Domain Validation
[    4.893085] scsi target2:0:0: Domain Validation skipping write tests
[    4.896570] scsi target2:0:0: Ending Domain Validation
[    4.899570] scsi target2:0:0: asynchronous
[    4.903436] scsi 2:0:1:0: Direct-Access     VBOX     HARDDISK         1.0  PQ: 0 ANSI: 5
[    4.907870] scsi target2:0:1: Beginning Domain Validation
[    4.927721] scsi target2:0:1: Domain Validation skipping write tests
[    4.931995] scsi target2:0:1: Ending Domain Validation
[    4.935876] scsi target2:0:1: asynchronous
[    4.955789] sd 2:0:0:0: Attached scsi generic sg0 type 0
[    4.959792] sd 2:0:0:0: [sda] 20971520 512-byte logical blocks: (10.7 GB/10.0 GiB)
[    4.966132] sd 2:0:1:0: Attached scsi generic sg1 type 0
[    4.972128] sd 2:0:0:0: [sda] Write Protect is off
[    4.975765] sd 2:0:1:0: [sdb] 20480 512-byte logical blocks: (10.5 MB/10.0 MiB)
[    4.984128] sd 2:0:0:0: [sda] Incomplete mode parameter data
[    4.989732] sd 2:0:0:0: [sda] Assuming drive cache: write through
[    4.997331] sd 2:0:1:0: [sdb] Write Protect is off
[    5.005419] sd 2:0:1:0: [sdb] Incomplete mode parameter data
[    5.012351] sd 2:0:1:0: [sdb] Assuming drive cache: write through
[    5.029063]  sda: sda1
[    5.035496] sd 2:0:0:0: [sda] Attached SCSI disk
[    5.043580] sd 2:0:1:0: [sdb] Attached SCSI disk
[    5.828038] e1000 0000:00:08.0 eth1: (PCI:33MHz:32-bit) 08:00:27:df:54:71
[    5.832914] e1000 0000:00:08.0 eth1: Intel(R) PRO/1000 Network Connection
[    5.840124] e1000 0000:00:08.0 enp0s8: renamed from eth1
[    5.854770] e1000 0000:00:03.0 enp0s3: renamed from eth0
Begin: Loading essential drivers ... [    7.245090] md: linear personality registered for level -1
[    7.252510] md: multipath personality registered for level -4
[    7.259192] md: raid0 personality registered for level 0
[    7.268622] md: raid1 personality registered for level 1
[    7.343158] raid6: sse2x1   gen()  8394 MB/s
[    7.410175] raid6: sse2x1   xor()  4726 MB/s
[    7.482476] raid6: sse2x2   gen()  3772 MB/s
[    7.554096] raid6: sse2x2   xor()  5843 MB/s
[    7.622040] raid6: sse2x4   gen() 11347 MB/s
[    7.690436] raid6: sse2x4   xor()  8261 MB/s
[    7.762216] raid6: avx2x1   gen() 16178 MB/s
[    7.832114] raid6: avx2x2   gen() 19004 MB/s
[    7.902198] raid6: avx2x4   gen() 20520 MB/s
[    7.904874] raid6: using algorithm avx2x4 gen() 20520 MB/s
[    7.907915] raid6: using avx2x2 recovery algorithm
[    7.912278] xor: automatically using best checksumming function:
[    7.954375]    avx       : 23788.000 MB/sec
[    7.958627] async_tx: api initialized (async)
[    7.978375] md: raid6 personality registered for level 6
[    7.981279] md: raid5 personality registered for level 5
[    7.984787] md: raid4 personality registered for level 4
[    7.995999] md: raid10 personality registered for level 10
done.
Begin: Running /scripts/init-premount ... done.
Begin: Mounting root file system ... Begin: Running /scripts/local-top ... done.
Begin: Running /scripts/local-premount ... [    8.038969] Btrfs loaded
Scanning for Btrfs filesystems
done.
Warning: fsck not present, so skipping root file system
[    8.109201] EXT4-fs (sda1): INFO: recovery required on readonly filesystem
[    8.113939] EXT4-fs (sda1): write access will be enabled during recovery
[    8.348409] EXT4-fs (sda1): recovery complete
[    8.351549] EXT4-fs (sda1): mounted filesystem with ordered data mode. Opts: (null)
done.
Begin: Running /scripts/local-bottom ... done.
Begin: Running /scripts/init-bottom ... done.
[    8.617140] systemd[1]: systemd 229 running in system mode. (+PAM +AUDIT +SELINUX +IMA +APPARMOR +SMACK +SYSVINIT +UTMP +LIBCRYPTSETUP +GCRYPT +GNUTLS +ACL +XZ -LZ4 +SECCOMP +BLKID +ELFUTILS +KMOD -IDN)
[    8.637075] systemd[1]: Detected virtualization oracle.
[    8.643030] systemd[1]: Detected architecture x86-64.

Welcome to [1mUbuntu 16.04.6 LTS[0m!

[    8.661908] systemd[1]: Set hostname to <ubuntu-xenial>.
[    9.092589] systemd[1]: Configuration file /lib/systemd/system/mongod.service is marked world-inaccessible. This has no effect as configuration data is accessible via APIs without restrictions. Proceeding anyway.
[    9.139113] systemd[1]: Listening on Syslog Socket.
[[0;32m  OK  [0m] Listening on Syslog Socket.
[    9.145350] systemd[1]: Listening on udev Kernel Socket.
[[0;32m  OK  [0m] Listening on udev Kernel Socket.
[    9.151666] systemd[1]: Listening on udev Control Socket.
[[0;32m  OK  [0m] Listening on udev Control Socket.
[    9.158293] systemd[1]: Created slice System Slice.
[[0;32m  OK  [0m] Created slice System Slice.
[    9.164853] systemd[1]: Created slice system-serial\x2dgetty.slice.
[[0;32m  OK  [0m] Created slice system-serial\x2dgetty.slice.
[    9.172611] systemd[1]: Created slice User and Session Slice.
[[0;32m  OK  [0m] Created slice User and Session Slice.
[    9.180417] systemd[1]: Reached target Slices.
[[0;32m  OK  [0m] Reached target Slices.
[    9.187484] systemd[1]: Reached target User and Group Name Lookups.
[[0;32m  OK  [0m] Reached target User and Group Name Lookups.
[    9.195157] systemd[1]: Listening on LVM2 metadata daemon socket.
[[0;32m  OK  [0m] Listening on LVM2 metadata daemon socket.
[    9.202703] systemd[1]: Listening on Device-mapper event daemon FIFOs.
[[0;32m  OK  [0m] Listening on Device-mapper event daemon FIFOs.
[    9.211173] systemd[1]: Listening on Journal Audit Socket.
[[0;32m  OK  [0m] Listening on Journal Audit Socket.
[    9.219736] systemd[1]: Listening on /dev/initctl Compatibility Named Pipe.
[[0;32m  OK  [0m] Listening on /dev/initctl Compatibility Named Pipe.
[    9.228406] systemd[1]: Listening on Journal Socket.
[[0;32m  OK  [0m] Listening on Journal Socket.
[    9.254622] systemd[1]: Starting Set console keymap...
         Starting Set console keymap...
[    9.263362] systemd[1]: Mounting POSIX Message Queue File System...
         Mounting POSIX Message Queue File System...
[    9.274741] systemd[1]: Mounting Debug File System...
         Mounting Debug File System...
[    9.288938] systemd[1]: Starting Load Kernel Modules...
         Starting Load Kernel Modules...
[    9.307953] systemd[1]: Starting Uncomplicated firewall...
         Starting Uncomplicated firewall...
[    9.320546] systemd[1]: Starting Nameserver information manager...
[    9.330222] Loading iSCSI transport class v2.0-870.
         Starting Nameserver information manager...
[    9.343259] systemd[1]: Starting Monitoring of LVM2 mirrors, snapshots etc. using dmeventd or progress polling...
         Starting Monitoring of LVM2 mirrors... dmeventd or progress polling...
[    9.374701] iscsi: registered transport (tcp)
[    9.386446] systemd[1]: Mounting Huge Pages File System...
         Mounting Huge Pages File System...
[    9.412579] systemd[1]: Starting Create list of required static device nodes for the current kernel...
         Starting Create list of required st... nodes for the current kernel...
[    9.441595] random: nonblocking pool is initialized
[    9.449830] systemd[1]: Listening on LVM2 poll daemon socket.
[[0;32m  OK  [0m] Listening on LVM2 poll daemon socket.
[    9.462548] systemd[1]: Reached target Encrypted Volumes.
[[0;32m  OK  [0m] Reached target Encrypted Volumes.
[    9.471938] systemd[1]: Reached target System Time Synchronized.
[[0;32m  OK  [0m] Reached target System Time Synchronized.
[    9.490460] systemd[1]: Reached target Swap.
[[0;32m  OK  [0m] Reached target Swap.
[    9.498687] systemd[1]: Set up automount Arbitrary Executable File Formats File System Automount Point.
[[0;32m  OK  [0m] Set up automount Arbitrary Executab...ats File System Automount Point.
[    9.521980] systemd[1]: Started Forward Password Requests to Wall Directory Watch.
[    9.531073] iscsi: registered transport (iser)
[[0;32m  OK  [0m] Started Forward Password Requests to Wall Directory Watch.
[    9.537270] systemd[1]: Started Trigger resolvconf update for networkd DNS.
[[0;32m  OK  [0m] Started Trigger resolvconf update for networkd DNS.
[    9.566904] systemd[1]: Starting Remount Root and Kernel File Systems...
         Starting Remount Root and Kernel File Systems...
[    9.574435] systemd[1]: Listening on Journal Socket (/dev/log).
[    9.581064] EXT4-fs (sda1): re-mounted. Opts: (null)
[[0;32m  OK  [0m] Listening on Journal Socket (/dev/log).
[    9.590499] systemd[1]: Starting Journal Service...
         Starting Journal Service...
[    9.601876] systemd[1]: Mounted POSIX Message Queue File System.
[[0;32m  OK  [0m] Mounted POSIX Message Queue File System.
[    9.609295] systemd[1]: Mounted Debug File System.
[[0;32m  OK  [0m] Mounted Debug File System.
[    9.615336] systemd[1]: Mounted Huge Pages File System.
[[0;32m  OK  [0m] Mounted Huge Pages File System.
[    9.624475] systemd[1]: Started Set console keymap.
[[0;32m  OK  [0m] Started Set console keymap.
[    9.636487] systemd[1]: Started Load Kernel Modules.
[[0;32m  OK  [0m] Started Load Kernel Modules.
[    9.659802] systemd[1]: Started Uncomplicated firewall.
[[0;32m  OK  [0m] Started Uncomplicated firewall.
[    9.687197] systemd[1]: Started Create list of required static device nodes for the current kernel.
[[0;32m  OK  [0m] Started Create list of required sta...ce nodes for the current kernel.
[    9.699914] systemd[1]: Started Remount Root and Kernel File Systems.
[[0;32m  OK  [0m] Started Remount Root and Kernel File Systems.
[    9.717326] systemd[1]: Started Nameserver information manager.
[[0;32m  OK  [0m] Started Nameserver information manager.
[    9.743138] systemd[1]: Started Journal Service.
[[0;32m  OK  [0m] Started Journal Service.
[[0;32m  OK  [0m] Started LVM2 metadata daemon.
         Starting udev Coldplug all Devices...
         Starting Load/Save Random Seed...
         Starting Flush Journal to Persistent Storage...
         Starting Create Static Device Nodes in /dev...
         Mounting FUSE Control File System...
         Starting Apply Kernel Variables...
[[0;32m  OK  [0m] Mounted FUSE Control File System.
[[0;32m  OK  [0m] Started Load/Save Random Seed.
[[0;32m  OK  [0m] Started Create Static Device Nodes in /dev.
[[0;32m  OK  [0m] Started Apply Kernel Variables.
[[0;32m  OK  [0m] Started udev Coldplug all Devices.
[[0;32m  OK  [0m] Started Flush Journal to Persistent Storage.
         Starting udev Kernel Device Manager...
[[0;32m  OK  [0m] Started udev Kernel Device Manager.
[[0;32m  OK  [0m] Started Dispatch Password Requests to Console Directory Watch.
[[0;32m  OK  [0m] Started Monitoring of LVM2 mirrors,...ng dmeventd or progress polling.
[[0;32m  OK  [0m] Reached target Local File Systems (Pre).
[[0;32m  OK  [0m] Reached target Local File Systems.
         Starting Create Volatile Files and Directories...
         Starting LSB: AppArmor initialization...
         Starting Tell Plymouth To Write Out Runtime Data...
         Starting Set console font and keymap...
         Starting Initial cloud-init job (pre-networking)...
[[0;32m  OK  [0m] Started Create Volatile Files and Directories.
[[0;32m  OK  [0m] Started Tell Plymouth To Write Out Runtime Data.
[[0;32m  OK  [0m] Found device /dev/ttyS0.
         Starting Update UTMP about System Boot/Shutdown...
[[0;32m  OK  [0m] Started LSB: AppArmor initialization.
[[0;32m  OK  [0m] Listening on Load/Save RF Kill Switch Status /dev/rfkill Watch.
[[0;32m  OK  [0m] Started Update UTMP about System Boot/Shutdown.
[[0;32m  OK  [0m] Found device 82540EM Gigabit Ethern...r (PRO/1000 MT Desktop Adapter).
[[0;32m  OK  [0m] Found device 82540EM Gigabit Ethern...r (PRO/1000 MT Desktop Adapter).
[[0;32m  OK  [0m] Started Set console font and keymap.
[[0;32m  OK  [0m] Created slice system-getty.slice.
[   12.596486] cloud-init[502]: Cloud-init v. 18.5-45-g3554ffe8-0ubuntu1~16.04.1 running 'init-local' at Thu, 30 May 2019 08:00:41 +0000. Up 11.99 seconds.
[[0;32m  OK  [0m] Started Initial cloud-init job (pre-networking).
[[0;32m  OK  [0m] Reached target Network (Pre).
[[0;32m  OK  [0m] Started ifup for enp0s8.
         Starting Raise network interfaces...
[[0;32m  OK  [0m] Started ifup for enp0s3.
[[0;32m  OK  [0m] Started Raise network interfaces.
[[0;32m  OK  [0m] Reached target Network.
         Starting Initial cloud-init job (metadata service crawler)...
[   14.130747] cloud-init[1075]: Cloud-init v. 18.5-45-g3554ffe8-0ubuntu1~16.04.1 running 'init' at Thu, 30 May 2019 08:00:42 +0000. Up 13.56 seconds.
[   14.148514] cloud-init[1075]: ci-info: ++++++++++++++++++++++++++++++++++++++Net device info+++++++++++++++++++++++++++++++++++++++
[   14.166893] cloud-init[1075]: ci-info: +--------+------+-----------------------------+---------------+--------+-------------------+
[   14.189408] cloud-init[1075]: ci-info: | Device |  Up  |           Address           |      Mask     | Scope  |     Hw-Address    |
[   14.210243] cloud-init[1075]: ci-info: +--------+------+-----------------------------+---------------+--------+-------------------+
[   14.225211] cloud-init[1075]: ci-info: | enp0s3 | True |          10.0.2.15          | 255.255.255.0 | global | 02:3a:f4:24:e2:72 |
[   14.244207] cloud-init[1075]: ci-info: | enp0s3 | True |  fe80::3a:f4ff:fe24:e272/64 |       .       |  link  | 02:3a:f4:24:e2:72 |
[   14.268354] cloud-init[1075]: ci-info: | enp0s8 | True |        192.168.10.150       | 255.255.255.0 | global | 08:00:27:df:54:71 |
[   14.286166] cloud-init[1075]: ci-info: | enp0s8 | True | fe80::a00:27ff:fedf:5471/64 |       .       |  link  | 08:00:27:df:54:71 |
[   14.301864] cloud-init[1075]: ci-info: |   lo   | True |          127.0.0.1          |   255.0.0.0   |  host  |         .         |
[   14.317711] cloud-init[1075]: ci-info: |   lo   | True |           ::1/128           |       .       |  host  |         .         |
[   14.337747] cloud-init[1075]: ci-info: +--------+------+-----------------------------+---------------+--------+-------------------+
[   14.349608] cloud-init[1075]: ci-info: ++++++++++++++++++++++++++++Route IPv4 info++++++++++++++++++++++++++++
[   14.355571] cloud-init[1075]: ci-info: +-------+--------------+----------+---------------+-----------+-------+
[   14.365154] cloud-init[1075]: ci-info: | Route | Destination  | Gateway  |    Genmask    | Interface | Flags |
[   14.371300] cloud-init[1075]: ci-info: +-------+--------------+----------+---------------+-----------+-------+
[   14.376677] cloud-init[1075]: ci-info: |   0   |   0.0.0.0    | 10.0.2.2 |    0.0.0.0    |   enp0s3  |   UG  |
[   14.382018] cloud-init[1075]: ci-info: |   1   |   10.0.2.0   | 0.0.0.0  | 255.255.255.0 |   enp0s3  |   U   |
[   14.392747] cloud-init[1075]: ci-info: |   2   | 192.168.10.0 | 0.0.0.0  | 255.255.255.0 |   enp0s8  |   U   |
[   14.397314] cloud-init[1075]: ci-info: +-------+--------------+----------+---------------+-----------+-------+
[   14.408888] cloud-init[1075]: ci-info: +++++++++++++++++++Route IPv6 info+++++++++++++++++++
[   14.412223] cloud-init[1075]: ci-info: +-------+-------------+---------+-----------+-------+
[   14.416543] cloud-init[1075]: ci-info: | Route | Destination | Gateway | Interface | Flags |
[   14.429514] cloud-init[1075]: ci-info: +-------+-------------+---------+-----------+-------+
[   14.434724] cloud-init[1075]: ci-info: |   0   |  fe80::/64  |    ::   |   enp0s8  |   U   |
[[0;32m  OK  [0m] Started Initial cloud-init job (metadata service crawler).
[   14.435403] [[0;32m  OK  [0m] Reached target Cloud-config availability.
cloud-init[1075]: ci-info: |   1   |  fe80::/64  |    ::   |   enp0s3  |   U   |
[[0;32m  OK  [0m] Reached target Network is Online.
[   14.449701] cloud-init[1075]: ci-info: |   4   |   ff00::/8  |    ::   |   enp0s8  |   U   |
[   14.462244] cloud-init[1075]: ci-info: |   5   |   ff00::/8  |    ::   |   enp0s3  |   U   |
[   14.476380] cloud-init[1075]: ci-info: +-------+-------------+---------+-----------+-------+
         Starting iSCSI initiator daemon (iscsid)...
[[0;32m  OK  [0m] Reached target System Initialization.
[[0;32m  OK  [0m] Listening on D-Bus System Message Bus Socket.
[[0;32m  OK  [0m] Started Daily Cleanup of Temporary Directories.
[[0;32m  OK  [0m] Listening on ACPID Listen Socket.
         Starting LXD - unix socket.
[[0;32m  OK  [0m] Listening on UUID daemon activation socket.
         Starting Socket activation for snappy daemon.
[[0;32m  OK  [0m] Started ACPI Events Check.
[[0;32m  OK  [0m] Reached target Paths.
[[0;32m  OK  [0m] Started Daily apt download activities.
[[0;32m  OK  [0m] Started Daily apt upgrade and clean activities.
[[0;32m  OK  [0m] Reached target Timers.
[[0;32m  OK  [0m] Listening on LXD - unix socket.
[[0;32m  OK  [0m] Listening on Socket activation for snappy daemon.
[[0;32m  OK  [0m] Started iSCSI initiator daemon (iscsid).
         Starting Login to default iSCSI targets...
[[0;32m  OK  [0m] Reached target Sockets.
[[0;32m  OK  [0m] Reached target Basic System.
         Starting Virtualbox guest utils...
         Starting System Logging Service...
         Starting LSB: Record successful boot for GRUB...
[[0;32m  OK  [0m] Started D-Bus System Message Bus.
         Starting Accounts Service...
[[0;32m  OK  [0m] Started Regular background program processing daemon.
         Starting LXD - container startup/shutdown...
         Starting OpenBSD Secure Shell server...
         Starting Daily apt upgrade and clean activities...
[[0;32m  OK  [0m] Started Unattended Upgrades Shutdown.
         Starting /etc/rc.local Compatibility...
[[0;32m  OK  [0m] Started ACPI event daemon.
         Starting LSB: MD monitoring daemon...
[[0;32m  OK  [0m] Started Deferred execution scheduler.
         Starting Snappy daemon...
[[0;32m  OK  [0m] Started FUSE filesystem for LXC.
[[0;32m  OK  [0m] Started High-performance, schema-free document-oriented database.
         Starting Login Service...
[[0;32m  OK  [0m] Started System Logging Service.
[[0;32m  OK  [0m] Started /etc/rc.local Compatibility.
[[0;32m  OK  [0m] Started OpenBSD Secure Shell server.
[[0;32m  OK  [0m] Started Login to default iSCSI targets.
[[0;32m  OK  [0m] Started Login Service.
         Starting Authenticate and Authorize Users to Run Privileged Tasks...
[[0;32m  OK  [0m] Reached target Remote File Systems (Pre).
[[0;32m  OK  [0m] Reached target Remote File Systems.
         Starting LSB: automatic crash report generation...
         Starting LSB: daemon to balance interrupts for SMP systems...
         Starting LSB: Set the CPU Frequency Scaling governor to "ondemand"...
         Starting Permit User Sessions...
[[0;32m  OK  [0m] Started LSB: Record successful boot for GRUB.
[[0;32m  OK  [0m] Started LSB: MD monitoring daemon.
[[0;32m  OK  [0m] Started LXD - container startup/shutdown.
[[0;32m  OK  [0m] Started Permit User Sessions.
[[0;32m  OK  [0m] Started Authenticate and Authorize Users to Run Privileged Tasks.
         Starting Hold until boot process finishes up...
         Starting Terminate Plymouth Boot Screen...
[[0;32m  OK  [0m] Started Terminate Plymouth Boot Screen.
[[0;32m  OK  [0m] Started Accounts Service.
[[0;32m  OK  [0m] Started LSB: Set the CPU Frequency Scaling governor to "ondemand".
[[0;32m  OK  [0m] Started LSB: automatic crash report generation.
[[0;32m  OK  [0m] Started Hold until boot process finishes up.
         Starting Set console scheme...
[[0;32m  OK  [0m] Started Serial Getty on ttyS0.
[[0;32m  OK  [0m] Started Getty on tty1.
[[0;32m  OK  [0m] Reached target Login Prompts.
[[0;32m  OK  [0m] Started Set console scheme.
[[0;32m  OK  [0m] Started LSB: daemon to balance interrupts for SMP systems.
[[0;32m  OK  [0m] Started Virtualbox guest utils.
[[0;32m  OK  [0m] Started Snappy daemon.
         Starting Wait until snapd is fully seeded...
[[0;32m  OK  [0m] Started Wait until snapd is fully seeded.
         Starting Apply the settings specified in cloud-config...
[[0;32m  OK  [0m] Reached target Multi-User System.
[[0;32m  OK  [0m] Reached target Graphical Interface.
         Starting Update UTMP about System Runlevel Changes...
[[0;32m  OK  [0m] Started Update UTMP about System Runlevel Changes.
[[0;32m  OK  [0m] Created slice User Slice of vagrant.
         Starting User Manager for UID 1000...
[[0;32m  OK  [0m] Started Session 1 of user vagrant.
[[0;32m  OK  [0m] Started User Manager for UID 1000.
[   17.457843] cloud-init[1359]: Cloud-init v. 18.5-45-g3554ffe8-0ubuntu1~16.04.1 running 'modules:config' at Thu, 30 May 2019 08:00:46 +0000. Up 17.04 seconds.
[[0;32m  OK  [0m] Started Apply the settings specified in cloud-config.
         Starting Execute cloud user/final scripts...
[   18.942543] cloud-init[1480]: Cloud-init v. 18.5-45-g3554ffe8-0ubuntu1~16.04.1 running 'modules:final' at Thu, 30 May 2019 08:00:47 +0000. Up 18.57 seconds.
[   19.021115] cloud-init[1480]: Cloud-init v. 18.5-45-g3554ffe8-0ubuntu1~16.04.1 finished at Thu, 30 May 2019 08:00:48 +0000. Datasource DataSourceNoCloud [seed=/dev/sdb][dsmode=net].  Up 18.92 seconds
[[0;32m  OK  [0m] Started Execute cloud user/final scripts.
[[0;32m  OK  [0m] Reached target Cloud-init target.

Ubuntu 16.04.6 LTS ubuntu-xenial ttyS0

ubuntu-xenial login: 