[    0.000000] Initializing cgroup subsys cpuset
[    0.000000] Initializing cgroup subsys cpu
[    0.000000] Initializing cgroup subsys cpuacct
[    0.000000] Linux version 4.4.0-146-generic (buildd@lcy01-amd64-025) (gcc version 5.4.0 20160609 (Ubuntu 5.4.0-6ubuntu1~16.04.10) ) #172-Ubuntu SMP Wed Apr 3 09:00:08 UTC 2019 (Ubuntu 4.4.0-146.172-generic 4.4.177)
[    0.000000] Command line: BOOT_IMAGE=/boot/vmlinuz-4.4.0-146-generic root=LABEL=cloudimg-rootfs ro console=tty1 console=ttyS0
[    0.000000] KERNEL supported cpus:
[    0.000000]   Intel GenuineIntel
[    0.000000]   AMD AuthenticAMD
[    0.000000]   Centaur CentaurHauls
[    0.000000] x86/fpu: xstate_offset[2]:  576, xstate_sizes[2]:  256
[    0.000000] x86/fpu: Supporting XSAVE feature 0x01: 'x87 floating point registers'
[    0.000000] x86/fpu: Supporting XSAVE feature 0x02: 'SSE registers'
[    0.000000] x86/fpu: Supporting XSAVE feature 0x04: 'AVX registers'
[    0.000000] x86/fpu: Enabled xstate features 0x7, context size is 832 bytes, using 'standard' format.
[    0.000000] e820: BIOS-provided physical RAM map:
[    0.000000] BIOS-e820: [mem 0x0000000000000000-0x000000000009fbff] usable
[    0.000000] BIOS-e820: [mem 0x000000000009fc00-0x000000000009ffff] reserved
[    0.000000] BIOS-e820: [mem 0x00000000000f0000-0x00000000000fffff] reserved
[    0.000000] BIOS-e820: [mem 0x0000000000100000-0x000000003ffeffff] usable
[    0.000000] BIOS-e820: [mem 0x000000003fff0000-0x000000003fffffff] ACPI data
[    0.000000] BIOS-e820: [mem 0x00000000fec00000-0x00000000fec00fff] reserved
[    0.000000] BIOS-e820: [mem 0x00000000fee00000-0x00000000fee00fff] reserved
[    0.000000] BIOS-e820: [mem 0x00000000fffc0000-0x00000000ffffffff] reserved
[    0.000000] NX (Execute Disable) protection: active
[    0.000000] SMBIOS 2.5 present.
[    0.000000] Hypervisor detected: KVM
[    0.000000] e820: last_pfn = 0x3fff0 max_arch_pfn = 0x400000000
[    0.000000] MTRR: Disabled
[    0.000000] x86/PAT: MTRRs disabled, skipping PAT initialization too.
[    0.000000] CPU MTRRs all blank - virtualized system.
[    0.000000] x86/PAT: Configuration [0-7]: WB  WT  UC- UC  WB  WT  UC- UC  
[    0.000000] found SMP MP-table at [mem 0x0009fff0-0x0009ffff] mapped at [ffff88000009fff0]
[    0.000000] Scanning 1 areas for low memory corruption
[    0.000000] RAMDISK: [mem 0x362fa000-0x37174fff]
[    0.000000] ACPI: Early table checksum verification disabled
[    0.000000] ACPI: RSDP 0x00000000000E0000 000024 (v02 VBOX  )
[    0.000000] ACPI: XSDT 0x000000003FFF0030 00003C (v01 VBOX   VBOXXSDT 00000001 ASL  00000061)
[    0.000000] ACPI: FACP 0x000000003FFF00F0 0000F4 (v04 VBOX   VBOXFACP 00000001 ASL  00000061)
[    0.000000] ACPI: DSDT 0x000000003FFF0470 0022EA (v02 VBOX   VBOXBIOS 00000002 INTL 20100528)
[    0.000000] ACPI: FACS 0x000000003FFF0200 000040
[    0.000000] ACPI: FACS 0x000000003FFF0200 000040
[    0.000000] ACPI: APIC 0x000000003FFF0240 00005C (v02 VBOX   VBOXAPIC 00000001 ASL  00000061)
[    0.000000] ACPI: SSDT 0x000000003FFF02A0 0001CC (v01 VBOX   VBOXCPUT 00000002 INTL 20100528)
[    0.000000] No NUMA configuration found
[    0.000000] Faking a node at [mem 0x0000000000000000-0x000000003ffeffff]
[    0.000000] NODE_DATA(0) allocated [mem 0x3ffeb000-0x3ffeffff]
[    0.000000] kvm-clock: Using msrs 4b564d01 and 4b564d00
[    0.000000] kvm-clock: cpu 0, msr 0:3ffe3001, primary cpu clock
[    0.000000] kvm-clock: using sched offset of 6002794936 cycles
[    0.000000] clocksource: kvm-clock: mask: 0xffffffffffffffff max_cycles: 0x1cd42e4dffb, max_idle_ns: 881590591483 ns
[    0.000000] Zone ranges:
[    0.000000]   DMA      [mem 0x0000000000001000-0x0000000000ffffff]
[    0.000000]   DMA32    [mem 0x0000000001000000-0x000000003ffeffff]
[    0.000000]   Normal   empty
[    0.000000]   Device   empty
[    0.000000] Movable zone start for each node
[    0.000000] Early memory node ranges
[    0.000000]   node   0: [mem 0x0000000000001000-0x000000000009efff]
[    0.000000]   node   0: [mem 0x0000000000100000-0x000000003ffeffff]
[    0.000000] Initmem setup node 0 [mem 0x0000000000001000-0x000000003ffeffff]
[    0.000000] ACPI: PM-Timer IO Port: 0x4008
[    0.000000] IOAPIC[0]: apic_id 2, version 32, address 0xfec00000, GSI 0-23
[    0.000000] ACPI: INT_SRC_OVR (bus 0 bus_irq 0 global_irq 2 dfl dfl)
[    0.000000] ACPI: INT_SRC_OVR (bus 0 bus_irq 9 global_irq 9 low level)
[    0.000000] Using ACPI (MADT) for SMP configuration information
[    0.000000] smpboot: Allowing 2 CPUs, 0 hotplug CPUs
[    0.000000] PM: Registered nosave memory: [mem 0x00000000-0x00000fff]
[    0.000000] PM: Registered nosave memory: [mem 0x0009f000-0x0009ffff]
[    0.000000] PM: Registered nosave memory: [mem 0x000a0000-0x000effff]
[    0.000000] PM: Registered nosave memory: [mem 0x000f0000-0x000fffff]
[    0.000000] e820: [mem 0x40000000-0xfebfffff] available for PCI devices
[    0.000000] Booting paravirtualized kernel on KVM
[    0.000000] clocksource: refined-jiffies: mask: 0xffffffff max_cycles: 0xffffffff, max_idle_ns: 7645519600211568 ns
[    0.000000] setup_percpu: NR_CPUS:512 nr_cpumask_bits:512 nr_cpu_ids:2 nr_node_ids:1
[    0.000000] PERCPU: Embedded 34 pages/cpu @ffff88003fc00000 s99480 r8192 d31592 u1048576
[    0.000000] Built 1 zonelists in Node order, mobility grouping on.  Total pages: 257912
[    0.000000] Policy zone: DMA32
[    0.000000] Kernel command line: BOOT_IMAGE=/boot/vmlinuz-4.4.0-146-generic root=LABEL=cloudimg-rootfs ro console=tty1 console=ttyS0
[    0.000000] PID hash table entries: 4096 (order: 3, 32768 bytes)
[    0.000000] Memory: 997732K/1048120K available (8609K kernel code, 1334K rwdata, 4028K rodata, 1484K init, 1284K bss, 50388K reserved, 0K cma-reserved)
[    0.000000] SLUB: HWalign=64, Order=0-3, MinObjects=0, CPUs=2, Nodes=1
[    0.000000] Kernel/User page tables isolation: enabled
[    0.000000] Hierarchical RCU implementation.
[    0.000000] 	Build-time adjustment of leaf fanout to 64.
[    0.000000] 	RCU restricting CPUs from NR_CPUS=512 to nr_cpu_ids=2.
[    0.000000] RCU: Adjusting geometry for rcu_fanout_leaf=64, nr_cpu_ids=2
[    0.000000] NR_IRQS:33024 nr_irqs:440 16
[    0.000000] Console: colour VGA+ 80x25
[    0.000000] console [tty1] enabled
[    0.000000] console [ttyS0] enabled
[    0.000000] tsc: Detected 1599.999 MHz processor
[    0.268728] Calibrating delay loop (skipped) preset value.. 3199.99 BogoMIPS (lpj=6399996)
[    0.272335] pid_max: default: 32768 minimum: 301
[    0.274413] ACPI: Core revision 20150930
[    0.277230] ACPI: 2 ACPI AML tables successfully acquired and loaded
[    0.280254] Security Framework initialized
[    0.281918] Yama: becoming mindful.
[    0.283520] AppArmor: AppArmor initialized
[    0.285452] Dentry cache hash table entries: 131072 (order: 8, 1048576 bytes)
[    0.290791] Inode-cache hash table entries: 65536 (order: 7, 524288 bytes)
[    0.293747] Mount-cache hash table entries: 2048 (order: 2, 16384 bytes)
[    0.296615] Mountpoint-cache hash table entries: 2048 (order: 2, 16384 bytes)
[    0.299502] Initializing cgroup subsys io
[    0.301256] Initializing cgroup subsys memory
[    0.303265] Initializing cgroup subsys devices
[    0.305540] Initializing cgroup subsys freezer
[    0.307995] Initializing cgroup subsys net_cls
[    0.309866] Initializing cgroup subsys perf_event
[    0.311899] Initializing cgroup subsys net_prio
[    0.314047] Initializing cgroup subsys hugetlb
[    0.316025] Initializing cgroup subsys pids
[    0.319195] mce: CPU supports 0 MCE banks
[    0.320951] Last level iTLB entries: 4KB 64, 2MB 8, 4MB 8
[    0.323115] Last level dTLB entries: 4KB 64, 2MB 0, 4MB 0, 1GB 4
[    0.325606] Spectre V2 : Mitigation: Full generic retpoline
[    0.327963] Spectre V2 : Spectre v2 / SpectreRSB mitigation: Filling RSB on context switch
[    0.331530] Speculative Store Bypass: Vulnerable
[    0.336839] Freeing SMP alternatives memory: 36K
[    0.345678] ftrace: allocating 32287 entries in 127 pages
[    0.426822] smpboot: APIC(0) Converting physical 0 to logical package 0
[    0.430063] smpboot: Max logical packages: 1
[    0.434027] x2apic enabled
[    0.437547] Switched APIC routing to physical x2apic.
[    0.443500] ..TIMER: vector=0x30 apic1=0 pin1=2 apic2=-1 pin2=-1
[    0.555167] smpboot: CPU0: Intel(R) Core(TM) i5-5250U CPU @ 1.60GHz (family: 0x6, model: 0x3d, stepping: 0x4)
[    0.566097] Performance Events: unsupported p6 CPU model 61 no PMU driver, software events only.
[    0.588249] KVM setup paravirtual spinlock
[    0.590902] x86: Booting SMP configuration:
[    0.592995] .... node  #0, CPUs:      #1
[    0.595024] kvm-clock: cpu 1, msr 0:3ffe3041, secondary cpu clock
[    0.598907] mce: CPU supports 0 MCE banks
[    0.602297] x86: Booted up 1 node, 2 CPUs
[    0.604573] smpboot: Total of 2 processors activated (6399.99 BogoMIPS)
[    0.608121] devtmpfs: initialized
[    0.611457] evm: security.selinux
[    0.613179] evm: security.SMACK64
[    0.614790] evm: security.SMACK64EXEC
[    0.616411] evm: security.SMACK64TRANSMUTE
[    0.618124] evm: security.SMACK64MMAP
[    0.620006] evm: security.ima
[    0.621311] evm: security.capability
[    0.623177] clocksource: jiffies: mask: 0xffffffff max_cycles: 0xffffffff, max_idle_ns: 7645041785100000 ns
[    0.627158] futex hash table entries: 512 (order: 3, 32768 bytes)
[    0.631419] pinctrl core: initialized pinctrl subsystem
[    0.633858] RTC time: 23:20:30, date: 05/29/19
[    0.636205] NET: Registered protocol family 16
[    0.647339] cpuidle: using governor ladder
[    0.660053] cpuidle: using governor menu
[    0.663483] PCCT header not found.
[    0.665781] ACPI: bus type PCI registered
[    0.668072] acpiphp: ACPI Hot Plug PCI Controller Driver version: 0.5
[    0.671505] PCI: Using configuration type 1 for base access
[    0.687408] ACPI: Added _OSI(Module Device)
[    0.690147] ACPI: Added _OSI(Processor Device)
[    0.693397] ACPI: Added _OSI(3.0 _SCP Extensions)
[    0.696907] ACPI: Added _OSI(Processor Aggregator Device)
[    0.701941] ACPI: Executed 1 blocks of module-level executable AML code
[    0.707305] ACPI: Interpreter enabled
[    0.708945] ACPI: (supports S0 S5)
[    0.710707] ACPI: Using IOAPIC for interrupt routing
[    0.714157] PCI: Using host bridge windows from ACPI; if necessary, use "pci=nocrs" and report a bug
[    0.723912] ACPI: PCI Root Bridge [PCI0] (domain 0000 [bus 00-ff])
[    0.726663] acpi PNP0A03:00: _OSC: OS supports [ASPM ClockPM Segments MSI]
[    0.730116] acpi PNP0A03:00: _OSC: not requesting OS control; OS requires [ExtendedConfig ASPM ClockPM MSI]
[    0.734408] acpi PNP0A03:00: fail to add MMCONFIG information, can't access extended PCI configuration space under this bridge.
[    0.739784] PCI host bridge to bus 0000:00
[    0.741564] pci_bus 0000:00: root bus resource [io  0x0000-0x0cf7 window]
[    0.744220] pci_bus 0000:00: root bus resource [io  0x0d00-0xffff window]
[    0.747006] pci_bus 0000:00: root bus resource [mem 0x000a0000-0x000bffff window]
[    0.750070] pci_bus 0000:00: root bus resource [mem 0x40000000-0xfdffffff window]
[    0.753573] pci_bus 0000:00: root bus resource [bus 00-ff]
[    0.760549] pci 0000:00:01.1: legacy IDE quirk: reg 0x10: [io  0x01f0-0x01f7]
[    0.763817] pci 0000:00:01.1: legacy IDE quirk: reg 0x14: [io  0x03f6]
[    0.766771] pci 0000:00:01.1: legacy IDE quirk: reg 0x18: [io  0x0170-0x0177]
[    0.769949] pci 0000:00:01.1: legacy IDE quirk: reg 0x1c: [io  0x0376]
[    0.800773] pci 0000:00:07.0: quirk: [io  0x4000-0x403f] claimed by PIIX4 ACPI
[    0.804262] pci 0000:00:07.0: quirk: [io  0x4100-0x410f] claimed by PIIX4 SMB
[    0.837203] ACPI: PCI Interrupt Link [LNKA] (IRQs 5 9 10 *11)
[    0.840492] ACPI: PCI Interrupt Link [LNKB] (IRQs 5 9 *10 11)
[    0.843480] ACPI: PCI Interrupt Link [LNKC] (IRQs 5 *9 10 11)
[    0.846407] ACPI: PCI Interrupt Link [LNKD] (IRQs 5 9 10 *11)
[    0.849531] ACPI: Enabled 2 GPEs in block 00 to 07
[    0.852005] vgaarb: setting as boot device: PCI:0000:00:02.0
[    0.854589] vgaarb: device added: PCI:0000:00:02.0,decodes=io+mem,owns=io+mem,locks=none
[    0.857953] vgaarb: loaded
[    0.859159] vgaarb: bridge control possible 0000:00:02.0
[    0.861604] SCSI subsystem initialized
[    0.863470] ACPI: bus type USB registered
[    0.865239] usbcore: registered new interface driver usbfs
[    0.867408] usbcore: registered new interface driver hub
[    0.870631] usbcore: registered new device driver usb
[    0.873530] PCI: Using ACPI for IRQ routing
[    0.876090] NetLabel: Initializing
[    0.877613] NetLabel:  domain hash size = 128
[    0.879455] NetLabel:  protocols = UNLABELED CIPSOv4
[    0.883671] NetLabel:  unlabeled traffic allowed by default
[    0.886505] amd_nb: Cannot enumerate AMD northbridges
[    0.888866] clocksource: Switched to clocksource kvm-clock
[    0.901395] AppArmor: AppArmor Filesystem Enabled
[    0.904776] pnp: PnP ACPI init
[    0.909326] pnp: PnP ACPI: found 3 devices
[    0.924389] clocksource: acpi_pm: mask: 0xffffff max_cycles: 0xffffff, max_idle_ns: 2085701024 ns
[    0.928408] NET: Registered protocol family 2
[    0.930511] TCP established hash table entries: 8192 (order: 4, 65536 bytes)
[    0.933225] TCP bind hash table entries: 8192 (order: 5, 131072 bytes)
[    0.935858] TCP: Hash tables configured (established 8192 bind 8192)
[    0.938534] UDP hash table entries: 512 (order: 2, 16384 bytes)
[    0.940830] UDP-Lite hash table entries: 512 (order: 2, 16384 bytes)
[    0.943364] NET: Registered protocol family 1
[    0.945231] pci 0000:00:00.0: Limiting direct PCI/PCI transfers
[    0.947636] pci 0000:00:01.0: Activating ISA DMA hang workarounds
[    0.950327] Unpacking initramfs...
[    1.224184] Freeing initrd memory: 14828K
[    1.226278] RAPL PMU detected, API unit is 2^-32 Joules, 4 fixed counters 10737418240 ms ovfl timer
[    1.230312] hw unit of domain pp0-core 2^-0 Joules
[    1.232314] hw unit of domain package 2^-0 Joules
[    1.234367] hw unit of domain dram 2^-0 Joules
[    1.236288] hw unit of domain pp1-gpu 2^-0 Joules
[    1.238577] platform rtc_cmos: registered platform RTC device (no PNP device found)
[    1.241837] Scanning for low memory corruption every 60 seconds
[    1.244763] audit: initializing netlink subsys (disabled)
[    1.247250] audit: type=2000 audit(1559172037.866:1): initialized
[    1.250091] Initialise system trusted keyring
[    1.252339] HugeTLB registered 2 MB page size, pre-allocated 0 pages
[    1.256580] zbud: loaded
[    1.258488] VFS: Disk quotas dquot_6.6.0
[    1.260248] VFS: Dquot-cache hash table entries: 512 (order 0, 4096 bytes)
[    1.263842] squashfs: version 4.0 (2009/01/31) Phillip Lougher
[    1.267099] fuse init (API version 7.23)
[    1.269169] Key type big_key registered
[    1.270892] Allocating IMA MOK and blacklist keyrings.
[    1.275564] Key type asymmetric registered
[    1.277334] Asymmetric key parser 'x509' registered
[    1.279452] Block layer SCSI generic (bsg) driver version 0.4 loaded (major 249)
[    1.282825] io scheduler noop registered
[    1.284781] io scheduler deadline registered (default)
[    1.287158] io scheduler cfq registered
[    1.289034] pci_hotplug: PCI Hot Plug PCI Core version: 0.5
[    1.291461] pciehp: PCI Express Hot Plug Controller Driver version: 0.4
[    1.294571] ACPI: AC Adapter [AC] (off-line)
[    1.296480] input: Power Button as /devices/LNXSYSTM:00/LNXPWRBN:00/input/input0
[    1.299637] ACPI: Power Button [PWRF]
[    1.301428] input: Sleep Button as /devices/LNXSYSTM:00/LNXSLPBN:00/input/input1
[    1.304618] ACPI: Sleep Button [SLPF]
[    1.306696] GHES: HEST is not enabled!
[    1.308671] ACPI: Battery Slot [BAT0] (battery present)
[    1.311356] Serial: 8250/16550 driver, 32 ports, IRQ sharing enabled
 	
 !"#$%&'()*+,-./0123456789:;<=>?@ABCDEFGHIJKLMNOPQRSTUVWXYZ[\]^_`abcdefghijklmnopqrstuvwxyz{|}~ÄÅÇÉÑÖÜáàâäãåçéèêëíìîïñóòôöõúùûü†°¢£§•¶ß®©™´¨≠ÆØ∞±≤≥¥µ∂∑∏π∫ªºΩæø¿¡¬√ƒ≈∆«»… ÀÃÕŒœ–—“”‘’÷◊ÿŸ⁄€‹›ﬁﬂ‡·‚„‰ÂÊÁËÈÍÎÏÌÓÔÒÚÛÙıˆ˜¯˘˙˚¸˝˛ˇ[    1.341204] 00:02: ttyS0 at I/O 0x3f8 (irq = 4, base_baud = 115200) is a 16550A
[    1.348852] Linux agpgart interface v0.103
[    1.353480] loop: module loaded
[    1.355716] scsi host0: ata_piix
[    1.357397] scsi host1: ata_piix
[    1.358859] ata1: PATA max UDMA/33 cmd 0x1f0 ctl 0x3f6 bmdma 0xd000 irq 14
[    1.361599] ata2: PATA max UDMA/33 cmd 0x170 ctl 0x376 bmdma 0xd008 irq 15
[    1.364846] libphy: Fixed MDIO Bus: probed
[    1.366877] tun: Universal TUN/TAP device driver, 1.6
[    1.369207] tun: (C) 1999-2004 Max Krasnyansky <maxk@qualcomm.com>
[    1.372548] PPP generic driver version 2.4.2
[    1.374904] ehci_hcd: USB 2.0 'Enhanced' Host Controller (EHCI) Driver
[    1.377637] ehci-pci: EHCI PCI platform driver
[    1.379605] ehci-platform: EHCI generic platform driver
[    1.381862] ohci_hcd: USB 1.1 'Open' Host Controller (OHCI) Driver
[    1.384259] ohci-pci: OHCI PCI platform driver
[    1.386161] ohci-platform: OHCI generic platform driver
[    1.388261] uhci_hcd: USB Universal Host Controller Interface driver
[    1.390902] i8042: PNP: PS/2 Controller [PNP0303:PS2K,PNP0f03:PS2M] at 0x60,0x64 irq 1,12
[    1.395082] serio: i8042 KBD port at 0x60,0x64 irq 1
[    1.400364] serio: i8042 AUX port at 0x60,0x64 irq 12
[    1.405571] mousedev: PS/2 mouse device common for all mice
[    1.410737] input: AT Translated Set 2 keyboard as /devices/platform/i8042/serio0/input/input2
[    1.418018] rtc_cmos rtc_cmos: rtc core: registered rtc_cmos as rtc0
[    1.418115] rtc_cmos rtc_cmos: alarms up to one day, 114 bytes nvram
[    1.418132] i2c /dev entries driver
[    1.418225] device-mapper: uevent: version 1.0.3
[    1.418319] device-mapper: ioctl: 4.34.0-ioctl (2015-10-28) initialised: dm-devel@redhat.com
[    1.418349] ledtrig-cpu: registered to indicate activity on CPUs
[    1.420152] NET: Registered protocol family 10
[    1.420405] NET: Registered protocol family 17
[    1.420422] Key type dns_resolver registered
[    1.420807] registered taskstats version 1
[    1.420935] Loading compiled-in X.509 certificates
[    1.421735] Loaded X.509 cert 'Build time autogenerated kernel key: 4dcb2dc2c7cf43e0c20c44384f68683c20294489'
[    1.421767] zswap: loaded using pool lzo/zbud
[    1.424216] Key type trusted registered
[    1.427655] Key type encrypted registered
[    1.427664] AppArmor: AppArmor sha1 policy hashing enabled
[    1.427667] ima: No TPM chip found, activating TPM-bypass!
[    1.427674] ima: Allocated hash algorithm: sha1
[    1.427691] evm: HMAC attrs: 0x1
[    1.428323]   Magic number: 3:885:353
[    1.469978] rtc_cmos rtc_cmos: setting system clock to 2019-05-29 23:20:31 UTC (1559172031)
[    1.470247] BIOS EDD facility v0.16 2004-Jun-25, 0 devices found
[    1.470247] EDD information not available.
[    1.549049] Freeing unused kernel memory: 1484K
[    1.561475] Write protecting the kernel read-only data: 14336k
[    1.566828] Freeing unused kernel memory: 1620K
[    1.571800] Freeing unused kernel memory: 68K
Loading, please wait...
starting version 229
[    1.603226] random: systemd-udevd: uninitialized urandom read (16 bytes read, 3 bits of entropy available)
[    1.604123] random: udevadm: uninitialized urandom read (16 bytes read, 3 bits of entropy available)
[    1.604161] random: udevadm: uninitialized urandom read (16 bytes read, 3 bits of entropy available)
[    1.626330] random: udevadm: uninitialized urandom read (16 bytes read, 3 bits of entropy available)
[    1.626403] random: udevadm: uninitialized urandom read (16 bytes read, 3 bits of entropy available)
[    1.626645] random: udevadm: uninitialized urandom read (16 bytes read, 3 bits of entropy available)
[    1.626738] random: udevadm: uninitialized urandom read (16 bytes read, 3 bits of entropy available)
[    1.626831] random: udevadm: uninitialized urandom read (16 bytes read, 3 bits of entropy available)
[    1.626921] random: udevadm: uninitialized urandom read (16 bytes read, 3 bits of entropy available)
[    1.627076] random: udevadm: uninitialized urandom read (16 bytes read, 3 bits of entropy available)
[    1.826470] Fusion MPT base driver 3.04.20
[    1.830146] Copyright (c) 1999-2008 LSI Corporation
[    1.849731] e1000: Intel(R) PRO/1000 Network Driver - version 7.3.21-k8-NAPI
[    1.852604] e1000: Copyright (c) 1999-2006 Intel Corporation.
[    1.891381] Fusion MPT SPI Host driver 3.04.20
[    1.898054] AVX2 version of gcm_enc/dec engaged.
[    1.900247] AES CTR mode by8 optimization enabled
[    2.081206] input: ImExPS/2 Generic Explorer Mouse as /devices/platform/i8042/serio1/input/input4
[    2.242775] tsc: Refined TSC clocksource calibration: 1600.449 MHz
[    2.247079] clocksource: tsc: mask: 0xffffffffffffffff max_cycles: 0x1711cd38258, max_idle_ns: 440795285552 ns
[    2.414609] e1000 0000:00:03.0 eth0: (PCI:33MHz:32-bit) 02:3a:f4:24:e2:72
[    2.418459] e1000 0000:00:03.0 eth0: Intel(R) PRO/1000 Network Connection
[    2.917807] e1000 0000:00:08.0 eth1: (PCI:33MHz:32-bit) 08:00:27:d6:f0:e7
[    2.923844] e1000 0000:00:08.0 eth1: Intel(R) PRO/1000 Network Connection
[    2.932616] mptbase: ioc0: Initiating bringup
[    2.936441] e1000 0000:00:03.0 enp0s3: renamed from eth0
[    2.953784] e1000 0000:00:08.0 enp0s8: renamed from eth1
[    3.024357] ioc0: LSI53C1030 A0: Capabilities={Initiator}
[    3.529782] scsi host2: ioc0: LSI53C1030 A0, FwRev=00000000h, Ports=1, MaxQ=256, IRQ=20
[    4.085640] scsi 2:0:0:0: Direct-Access     VBOX     HARDDISK         1.0  PQ: 0 ANSI: 5
[    4.092280] scsi target2:0:0: Beginning Domain Validation
[    4.103736] scsi target2:0:0: Domain Validation skipping write tests
[    4.108531] scsi target2:0:0: Ending Domain Validation
[    4.141374] scsi target2:0:0: asynchronous
[    4.208999] scsi 2:0:1:0: Direct-Access     VBOX     HARDDISK         1.0  PQ: 0 ANSI: 5
[    4.216902] scsi target2:0:1: Beginning Domain Validation
[    4.225857] scsi target2:0:1: Domain Validation skipping write tests
[    4.230674] scsi target2:0:1: Ending Domain Validation
[    4.235118] scsi target2:0:1: asynchronous
[    4.258843] sd 2:0:0:0: [sda] 20971520 512-byte logical blocks: (10.7 GB/10.0 GiB)
[    4.264792] sd 2:0:0:0: Attached scsi generic sg0 type 0
[    4.269158] sd 2:0:0:0: [sda] Write Protect is off
[    4.276095] sd 2:0:1:0: Attached scsi generic sg1 type 0
[    4.276427] sd 2:0:0:0: [sda] Incomplete mode parameter data
[    4.276429] sd 2:0:0:0: [sda] Assuming drive cache: write through
[    4.279764] sd 2:0:1:0: [sdb] 20480 512-byte logical blocks: (10.5 MB/10.0 MiB)
[    4.280179] sd 2:0:1:0: [sdb] Write Protect is off
[    4.280330] sd 2:0:1:0: [sdb] Incomplete mode parameter data
[    4.280332] sd 2:0:1:0: [sdb] Assuming drive cache: write through
[    4.282650]  sda: sda1
[    4.284462] sd 2:0:1:0: [sdb] Attached SCSI disk
[    4.284550] sd 2:0:0:0: [sda] Attached SCSI disk
Begin: Loading essential drivers ... [    5.915583] md: linear personality registered for level -1
[    5.924882] md: multipath personality registered for level -4
[    5.934471] md: raid0 personality registered for level 0
[    5.950135] md: raid1 personality registered for level 1
[    6.041280] raid6: sse2x1   gen()  5144 MB/s
[    6.109473] raid6: sse2x1   xor()  4765 MB/s
[    6.176962] raid6: sse2x2   gen()  8266 MB/s
[    6.245276] raid6: sse2x2   xor()  5625 MB/s
[    6.312927] raid6: sse2x4   gen()  9056 MB/s
[    6.380892] raid6: sse2x4   xor()  6689 MB/s
[    6.448937] raid6: avx2x1   gen() 13283 MB/s
[    6.517190] raid6: avx2x2   gen() 14418 MB/s
[    6.585171] raid6: avx2x4   gen()  6362 MB/s
[    6.597508] raid6: using algorithm avx2x2 gen() 14418 MB/s
[    6.617851] raid6: using avx2x2 recovery algorithm
[    6.645363] xor: automatically using best checksumming function:
[    6.689030]    avx       : 18188.000 MB/sec
[    6.692829] async_tx: api initialized (async)
[    6.718594] md: raid6 personality registered for level 6
[    6.721977] md: raid5 personality registered for level 5
[    6.724757] md: raid4 personality registered for level 4
[    6.739600] md: raid10 personality registered for level 10
done.
Begin: Running /scripts/init-premount ... done.
Begin: Mounting root file system ... Begin: Running /scripts/local-top ... done.
Begin: Running /scripts/local-premount ... [    6.790479] Btrfs loaded
Scanning for Btrfs filesystems
done.
Warning: fsck not present, so skipping root file system
[    6.852899] EXT4-fs (sda1): mounted filesystem with ordered data mode. Opts: (null)
done.
Begin: Running /scripts/local-bottom ... done.
Begin: Running /scripts/init-bottom ... done.
[    7.114803] systemd[1]: systemd 229 running in system mode. (+PAM +AUDIT +SELINUX +IMA +APPARMOR +SMACK +SYSVINIT +UTMP +LIBCRYPTSETUP +GCRYPT +GNUTLS +ACL +XZ -LZ4 +SECCOMP +BLKID +ELFUTILS +KMOD -IDN)
[    7.123086] systemd[1]: Detected virtualization oracle.
[    7.125252] systemd[1]: Detected architecture x86-64.

Welcome to [1mUbuntu 16.04.6 LTS[0m!

[    7.134550] systemd[1]: Set hostname to <ubuntu>.
[    7.141670] systemd[1]: Initializing machine ID from random generator.
[    7.145576] systemd[1]: Installed transient /etc/machine-id file.
[    7.584456] systemd[1]: Listening on /dev/initctl Compatibility Named Pipe.
[[0;32m  OK  [0m] Listening on /dev/initctl Compatibility Named Pipe.
[    7.590879] systemd[1]: Created slice User and Session Slice.
[[0;32m  OK  [0m] Created slice User and Session Slice.
[    7.596095] systemd[1]: Reached target User and Group Name Lookups.
[[0;32m  OK  [0m] Reached target User and Group Name Lookups.
[    7.601369] systemd[1]: Listening on udev Control Socket.
[[0;32m  OK  [0m] Listening on udev Control Socket.
[    7.605905] systemd[1]: Listening on Syslog Socket.
[[0;32m  OK  [0m] Listening on Syslog Socket.
[    7.610250] systemd[1]: Created slice System Slice.
[[0;32m  OK  [0m] Created slice System Slice.
[    7.614533] systemd[1]: Reached target Slices.
[[0;32m  OK  [0m] Reached target Slices.
[    7.618347] systemd[1]: Reached target Swap.
[[0;32m  OK  [0m] Reached target Swap.
[    7.622441] systemd[1]: Started Forward Password Requests to Wall Directory Watch.
[[0;32m  OK  [0m] Started Forward Password Requests to Wall Directory Watch.
[    7.629746] systemd[1]: Reached target Encrypted Volumes.
[[0;32m  OK  [0m] Reached target Encrypted Volumes.
[    7.634265] systemd[1]: Listening on LVM2 poll daemon socket.
[[0;32m  OK  [0m] Listening on LVM2 poll daemon socket.
[    7.639195] systemd[1]: Listening on udev Kernel Socket.
[[0;32m  OK  [0m] Listening on udev Kernel Socket.
[    7.644971] systemd[1]: Set up automount Arbitrary Executable File Formats File System Automount Point.
[[0;32m  OK  [0m] Set up automount Arbitrary Executab...ats File System Automount Point.
[    7.653041] systemd[1]: Listening on Journal Socket (/dev/log).
[[0;32m  OK  [0m] Listening on Journal Socket (/dev/log).
[    7.658548] systemd[1]: Listening on Device-mapper event daemon FIFOs.
[[0;32m  OK  [0m] Listening on Device-mapper event daemon FIFOs.
[    7.664577] systemd[1]: Listening on LVM2 metadata daemon socket.
[[0;32m  OK  [0m] Listening on LVM2 metadata daemon socket.
[    7.670122] systemd[1]: Listening on Journal Socket.
[[0;32m  OK  [0m] Listening on Journal Socket.
[    7.685566] systemd[1]: Starting Create list of required static device nodes for the current kernel...
         Starting Create list of required st... nodes for the current kernel...
[    7.696671] systemd[1]: Starting Nameserver information manager...
         Starting Nameserver information manager...
[    7.712715] systemd[1]: Mounting POSIX Message Queue File System...
         Mounting POSIX Message Queue File System...
[    7.720293] systemd[1]: Mounting Debug File System...
         Mounting Debug File System...
[    7.727838] systemd[1]: Starting Monitoring of LVM2 mirrors, snapshots etc. using dmeventd or progress polling...
         Starting Monitoring of LVM2 mirrors... dmeventd or progress polling...
[    7.738979] systemd[1]: Starting Set console keymap...
         Starting Set console keymap...
[    7.746715] systemd[1]: Mounting Huge Pages File System...
         Mounting Huge Pages File System...
[    7.766698] systemd[1]: Starting Load Kernel Modules...
         Starting Load Kernel Modules...
[    7.781922] systemd[1]: Started Trigger resolvconf update for networkd DNS.
[[0;32m  OK  [0m] Started Trigger resolvconf update for networkd DNS.
[    7.818338] Loading iSCSI transport class v2.0-870.
[    7.833491] systemd[1]: Starting Uncomplicated firewall...
         Starting Uncomplicated firewall...
[    7.847826] systemd[1]: Created slice system-serial\x2dgetty.slice.
[[0;32m  OK  [0m] Created slice system-serial\x2dgetty.slice.
[    7.862621] systemd[1]: Listening on Journal Audit Socket.
[    7.869620] iscsi: registered transport (tcp)
[[0;32m  OK  [0m] Listening on Journal Audit Socket.
[    7.893242] systemd[1]: Starting Journal Service...
         Starting Journal Service...
[    7.901131] systemd[1]: Reached target System Time Synchronized.
[[0;32m  OK  [0m] Reached target System Time Synchronized.
[    7.910546] systemd[1]: Starting Remount Root and Kernel File Systems...
         Starting Remount Root and Kernel File Systems...
[    7.921535] systemd[1]: Mounted POSIX Message Queue File System.
[[0;32m  OK  [0m] Mounted POSIX Message Queue File System.
[    7.927540] systemd[1]: Mounted Debug File System.
[[0;32m  OK  [0m] Mounted Debug File System.
[    7.933480] systemd[1]: Mounted Huge Pages File System.
[    7.936581] EXT4-fs (sda1): re-mounted. Opts: (null)
[[0;32m  OK  [0m] Mounted Huge Pages File System.
[    7.946589] systemd[1]: Started Create list of required static device nodes for the current kernel.
[[0;32m  OK  [0m] Started Create list of required sta...ce nodes for the current kernel.
[    7.971478] iscsi: registered transport (iser)
[    7.973911] systemd[1]: Started Set console keymap.
[[0;32m  OK  [0m] Started Set console keymap.
[    7.981795] systemd[1]: Started Load Kernel Modules.
[[0;32m  OK  [0m] Started Load Kernel Modules.
[    7.986697] systemd[1]: Started Uncomplicated firewall.
[[0;32m  OK  [0m] Started Uncomplicated firewall.
[    7.991898] systemd[1]: Started Remount Root and Kernel File Systems.
[[0;32m  OK  [0m] Started Remount Root and Kernel File Systems.
[    8.009328] systemd[1]: Started Nameserver information manager.
[[0;32m  OK  [0m] Started Nameserver information manager.
[    8.020645] systemd[1]: Started Journal Service.
[[0;32m  OK  [0m] Started Journal Service.
[    8.041263] random: nonblocking pool is initialized
[[0;32m  OK  [0m] Started LVM2 metadata daemon.
         Starting udev Coldplug all Devices...
         Starting Flush Journal to Persistent Storage...
         Starting Load/Save Random Seed...
         Starting Apply Kernel Variables...
         Mounting FUSE Control File System...
         Starting Create Static Device Nodes in /dev...
[[0;32m  OK  [0m] Started Load/Save Random Seed.
[[0;32m  OK  [0m] Started Apply Kernel Variables.
[[0;32m  OK  [0m] Mounted FUSE Control File System.
[[0;32m  OK  [0m] Started Create Static Device Nodes in /dev.
[[0;32m  OK  [0m] Started Monitoring of LVM2 mirrors,...ng dmeventd or progress polling.
[[0;32m  OK  [0m] Started Flush Journal to Persistent Storage.
[[0;32m  OK  [0m] Started udev Coldplug all Devices.
[[0;32m  OK  [0m] Reached target Local File Systems (Pre).
[[0;32m  OK  [0m] Reached target Local File Systems.
         Starting LSB: AppArmor initialization...
         Starting Tell Plymouth To Write Out Runtime Data...
         Starting Initial cloud-init job (pre-networking)...
         Starting Set console font and keymap...
         Starting Commit a transient machine-id on disk...
         Starting Create Volatile Files and Directories...
         Starting udev Kernel Device Manager...
[[0;32m  OK  [0m] Started Tell Plymouth To Write Out Runtime Data.
[[0;32m  OK  [0m] Started Create Volatile Files and Directories.
[[0;32m  OK  [0m] Started Commit a transient machine-id on disk.
         Starting Update UTMP about System Boot/Shutdown...
[[0;32m  OK  [0m] Started Update UTMP about System Boot/Shutdown.
[[0;32m  OK  [0m] Started udev Kernel Device Manager.
[[0;32m  OK  [0m] Started Dispatch Password Requests to Console Directory Watch.
[[0;32m  OK  [0m] Found device /dev/ttyS0.
[[0;32m  OK  [0m] Started Set console font and keymap.
[[0;32m  OK  [0m] Created slice system-getty.slice.
[[0;32m  OK  [0m] Listening on Load/Save RF Kill Switch Status /dev/rfkill Watch.
[[0;32m  OK  [0m] Started LSB: AppArmor initialization.
[   10.048298] cloud-init[476]: Cloud-init v. 18.5-45-g3554ffe8-0ubuntu1~16.04.1 running 'init-local' at Wed, 29 May 2019 23:20:39 +0000. Up 9.45 seconds.
[[0;32m  OK  [0m] Started Initial cloud-init job (pre-networking).
[[0;32m  OK  [0m] Reached target Network (Pre).
         Starting Raise network interfaces...
[[0;32m  OK  [0m] Started Raise network interfaces.
[[0;32m  OK  [0m] Reached target Network.
         Starting Initial cloud-init job (metadata service crawler)...
[   12.076197] cloud-init[960]: Cloud-init v. 18.5-45-g3554ffe8-0ubuntu1~16.04.1 running 'init' at Wed, 29 May 2019 23:20:41 +0000. Up 11.34 seconds.
[   12.081122] cloud-init[960]: ci-info: ++++++++++++++++++++++++++++++++++++++Net device info+++++++++++++++++++++++++++++++++++++++
[   12.092870] cloud-init[960]: ci-info: +--------+-------+----------------------------+---------------+--------+-------------------+
[   12.100820] cloud-init[960]: ci-info: | Device |   Up  |          Address           |      Mask     | Scope  |     Hw-Address    |
[   12.113531] cloud-init[960]: ci-info: +--------+-------+----------------------------+---------------+--------+-------------------+
[   12.124786] cloud-init[960]: ci-info: | enp0s3 |  True |         10.0.2.15          | 255.255.255.0 | global | 02:3a:f4:24:e2:72 |
[   12.133263] cloud-init[960]: ci-info: | enp0s3 |  True | fe80::3a:f4ff:fe24:e272/64 |       .       |  link  | 02:3a:f4:24:e2:72 |
[   12.144793] cloud-init[960]: ci-info: | enp0s8 | False |             .              |       .       |   .    | 08:00:27:d6:f0:e7 |
[   12.151782] cloud-init[960]: ci-info: |   lo   |  True |         127.0.0.1          |   255.0.0.0   |  host  |         .         |
[   12.157331] cloud-init[960]: ci-info: |   lo   |  True |          ::1/128           |       .       |  host  |         .         |
[   12.164941] cloud-init[960]: ci-info: +--------+-------+----------------------------+---------------+--------+-------------------+
[   12.171627] cloud-init[960]: ci-info: +++++++++++++++++++++++++++Route IPv4 info++++++++++++++++++++++++++++
[[0;32m  OK  [0m] Started Initial cloud-init job (metadata service crawler).
[[0;32m  OK  [0m] Reached target System Initialization.
[   12.177554] cloud-init[960]: ci-info: +-------+-------------+----------+---------------+-----------+-------+
         Starting LXD - unix socket.
[[0;32m  OK  [0m] Listening on UUID daemon activation socket.[   12.191688] cloud-init[960]: ci-info: | Route | Destination | Gateway  |    Genmask    | Interface | Flags |
[   12.198612] cloud-init[960]: ci-info: +-------+-------------+----------+---------------+-----------+-------+
[   12.198702] cloud-init[960]: ci-info: |   0   |   0.0.0.0   | 10.0.2.2 |    0.0.0.0    |   enp0s3  |   UG  |

[   12.213054] cloud-init[[0;32m  OK  [0m] Started ACPI Events Check.
[[0;32m  OK  [0m] Reached target Paths.
[960]: ci-info: |   1   |   10.0.2.0  | 0.0.0.0  | 255.255.255.0 |   enp0s3  |   U   |         Starting Socket activation for snappy daemon.

[   12.233458] cloud-init[960]: ci-info: +-------+-------------+----------+---------------+-----------+-------+
[   12.240879] [[0;32m  OK  [0m] Started Daily apt download activities.
[[0;32m  OK  [0m] Started Daily apt upgrade and clean activities.
[[0;32m  OK  [0m] Listening on D-Bus System Message Bus Socket.
cloud-init[960]: ci-info: +++++++++++++++++++Route IPv6 info+++++++++++++++++++
[[0;32m  OK  [0m] Started Daily Cleanup of Temporary Directories.
[   12.251478] cloud-init[960]: ci-info: +-------+-------------+---------+-----------+-------+
[[0;32m  OK  [0m] Reached target Timers.
[   12.267008] [cloud-init[0;32m  OK  [0m[960]: ] ci-info: | Route | Destination | Gateway | Interface | Flags |Listening on ACPID Listen Socket.

[[0;32m  OK  [0m] Reached target Cloud-config availability.
[   12.284953] [[0;32m  OK  [0m] Reached target Network is Online.
cloud-init[960]: ci-info: +-------+-------------+---------+-----------+-------+
[   12.298305] cloud-init[960]: ci-info: |   0   |  fe80::/64  |    ::   |   enp0s3  |   U   |
[   12.304944] cloud-init[960]: ci-info: |   3   |   ff00::/8  |    ::   |   enp0s3  |   U   |
         Starting iSCSI initiator daemon (iscsid)...
[   12.316564] [[0;32m  OK  [0m] Listening on LXD - unix socket.
[[0;32m  OK  [0m] Listening on Socket activation for snappy daemon.
cloud-init[[0;32m  OK  [0m] Reached target Sockets.
[[0;32m  OK  [0m] Reached target Basic System.
[[0;32m  OK  [0m] Started FUSE filesystem for LXC.
[[0;32m  OK  [0m] Started Deferred execution scheduler.
         Starting /etc/rc.local Compatibility...
[960]: ci-info: +-------+-------------+---------+-----------+-------+
         Starting Pollinate to seed the pseudo random number generator...
[[0;32m  OK  [0m] Started Unattended Upgrades Shutdown.
[   12.360660] cloud-init[960]: Generating public/private rsa key pair.
[   12.368733] cloud-init[960]: Your identification has been saved in /etc/ssh/ssh_host_rsa_key.
[   12.369731]          Starting LSB: MD monitoring daemon...
         Starting Accounts Service...
         Starting LXD - container startup/shutdown...
cloud-init[960]: Your public key has been saved in /etc/ssh/ssh_host_rsa_key.pub.
[   12.391757]          Starting System Logging Service...
         Starting Login Service...
cloud-init[960]: The key fingerprint is:
         Starting Snappy daemon...
[[0;32m  OK  [0m] Started ACPI event daemon.
[[0;32m  OK  [0m] Started Regular background program processing daemon.
         Starting LSB: Record successful boot for GRUB...
[   12.403398] cloud-init[960]: SHA256:L1XQ+LsNfyXWx91JrWm04mX9XBT58u6BzrujtfqaUjs root@ubuntu-xenial         Starting Virtualbox guest utils...
[[0;32m  OK  [0m] Started D-Bus System Message Bus.

[   12.432798] cloud-init[960]: The key's randomart image is:
[   12.458819] cloud-init[960]: +---[RSA 2048]----+
[   12.472933] cloud-init[960]: |          .o    .|
[   12.476774] cloud-init[960]: |          ...  o |
[   12.491130] cloud-init[960]: |           ..   +|
[   12.508646] cloud-init[960]: |           .. o.+|
[   12.513289] cloud-init[960]: |        S .  o.@+|
[   12.529556] cloud-init[960]: |         o .+ @.@|
[   12.552589] cloud-init[960]: |        . o..& ==|
[   12.555995] cloud-init[960]: |         o EB.+ *|
[   12.569758] cloud-init[960]: |          .=*B+o.|
[   12.576153] cloud-init[960]: +----[SHA256]-----+
[   12.579710] cloud-init[960]: Generating public/private dsa key pair.
[   12.584270] cloud-init[960]: Your identification has been saved in /etc/ssh/ssh_host_dsa_key.
[   12.595015] cloud-init[960]: Your public key has been saved in /etc/ssh/ssh_host_dsa_key.pub.
[   12.611310] [[0;32m  OK  [0m] Started System Logging Service.
cloud-init[960]: The key fingerprint is:
[   12.618172] cloud-init[960]: SHA256:s6Pr4aI6KpllPA0KQRuqedY/N65YsQsRcPbwwmJwbS0 root@ubuntu-xenial
[   12.626479] cloud-init[960]: The key's randomart image is:
[   12.630775] cloud-init[960]: +---[DSA 1024]----+
[   12.643321] cloud-init[960]: |ooo.+.           |
[[0;32m  OK  [0m] Started /etc/rc.local Compatibility.
[   12.664540] cloud-init[[0;32m  OK  [0m] Started iSCSI initiator daemon (iscsid).
[960]: |ooo=E+.          |
[   12.683928] cloud-init[960]: |.oo.+.o          |
[   12.691912] cloud-init[960]: |oo.o o           |
[   12.710629] cloud-init[960]: |+oooo . S        |
[   12.733220] cloud-init[960]: |.o= .o o o       |
[   12.744313] cloud-init[960]: | = .. * =        |
[   12.778110] cloud-init[960]: |=   .= B o       |
[[0;32m  OK  [0m] Started LXD - container startup/shutdown.
[   12.791022] cloud-init[960]: [[0;32m  OK  [0m] Started Login Service.
|=o...oBo.        |
         Starting Authenticate and Authorize Users to Run Privileged Tasks...
         Starting Login to default iSCSI targets...
[   12.824885] cloud-init[960]: +----[SHA256]-----+
[[0;32m  OK  [0m] Started LSB: Record successful boot for GRUB.
[[0;32m  OK  [0m] Started LSB: MD monitoring daemon.
[   12.845406] cloud-init[960]: Generating public/private ecdsa key pair.
[   12.866621] cloud-init[960]: Your identification has been saved in /etc/ssh/ssh_host_ecdsa_key.
[   12.882981] cloud-init[960]: Your public key has been saved in /etc/ssh/ssh_host_ecdsa_key.pub.
[   12.900975] cloud-init[960]: The key fingerprint is:
[   12.903611] cloud-init[960]: SHA256:shGMjlf5EA93zDUK8XfCU/PZrtcsN7ToJbVn3VavnHU root@ubuntu-xenial
[   12.911205] cloud-init[960]: The key's randomart image is:
[   12.936923] cloud-init[960]: +---[ECDSA 256]---+
[   12.941946] cloud-init[960]: |      o ++..o o  |
[   12.952999] cloud-init[960]: |     o * +oo o oo|
[   12.956458] cloud-init[960]: |    . * . o = ..o|
[   12.962395] cloud-init[960]: |   o . +   . + . |[[0;32m  OK  [0m] Started Snappy daemon.

[   12.982133] [[0;32m  OK  [0m] Started Login to default iSCSI targets.
[cloud-init[960]: |  . o o S      oo|[0;32m  OK  [0m] Started Authenticate and Authorize Users to Run Privileged Tasks.

[   12.992685] cloud-init[960]: |   .   +      +oO|[[0;32m  OK  [0m] Started Accounts Service.

[[0;32m  OK  [0m] Reached target Remote File Systems (Pre).
[   13.001218] cloud-init[960]: [|      .      oo=E|[0;32m  OK  [0m] Reached target Remote File Systems.

[   13.016526] cloud-init[960]: |            ..oX+|
[   13.020335] cloud-init[960]: |             .+  |
[   13.024796] cloud-init[960]: +----[SHA256]-----+         Starting LSB: automatic crash report generation...
         Starting Permit User Sessions...
         Starting LSB: Set the CPU Frequency Scaling governor to "ondemand"...
         Starting LSB: daemon to balance interrupts for SMP systems...

[   13.038761]          Starting Wait until snapd is fully seeded...
cloud-init[960]: Generating public/private ed25519 key pair.
[[0;32m  OK  [0m] Started Virtualbox guest utils.
[[0;32m  OK  [0m] Started Permit User Sessions.
[   13.109089] cloud-init         Starting Hold until boot process finishes up...
[960]: Your identification has been saved in /etc/ssh/ssh_host_ed25519_key.
[   13.119997] cloud-init[960]: Your public key has been saved in /etc/ssh/ssh_host_ed25519_key.pub.
         Starting Terminate Plymouth Boot Screen...
[   13.131059] cloud-init[960]: The key fingerprint is:
[   13.138454] [[0;32m  OK  [0m] Started Pollinate to seed the pseudo random number generator.
[[0;32m  OK  [0m] Started Hold until boot process finishes up.
cloud-init[960]: SHA256:me6tgp/91gf2Y7FyrHQo6uDUv2MuH82crEgRLm8qHxM root@ubuntu-xenial[[0;32m  OK  [0m] Started Terminate Plymouth Boot Screen.

[   13.150140] cloud-init[960]: The key's randomart image is:
[   13.153160] cloud-init[960]: +--[ED25519 256]--+
[   13.157122] cloud-init[960]: |                 |
[   13.165436] cloud-init[960]: |                 |
[   13.176397] [[0;32m  OK  [0m] Started LSB: Set the CPU Frequency Scaling governor to "ondemand".
cloud-init[960]: |        .        |
[   13.219938] cloud-init[960]: |       . +       |
[   13.224932] cloud-init[960]: |      E S        |
[   13.232436] cloud-init[960]: [[0;32m  OK  [0m] Started Getty on tty1.
[[0;32m  OK  [0m] Started Serial Getty on ttyS0.
[[0;32m  OK  [0m] Reached target Login Prompts.
         Starting Set console scheme...
         Starting OpenBSD Secure Shell server...
[[0;32m  OK  [0m] Started LSB: automatic crash report generation.
[[0;32m  OK  [0m] Started LSB: daemon to balance interrupts for SMP systems.
|       * . =oo.  |
[   13.251871] cloud-init[960]: |     .= * ooO+.o |
[   13.260354] [[0;32m  OK  [0m] Started Set console scheme.
cloud-init[960]: |    oo.@.=+=o.O  |
[   13.267910] cloud-init[960]: |     +*oBOOo.* . |
[   13.276790] cloud-init[960]: +----[SHA256]-----+
[[0;32m  OK  [0m] Started OpenBSD Secure Shell server.
[[0;32m  OK  [0m] Started Wait until snapd is fully seeded.
[[0;32m  OK  [0m] Reached target Multi-User System.
[[0;32m  OK  [0m] Reached target Graphical Interface.
         Starting Update UTMP about System Runlevel Changes...
         Starting Apply the settings specified in cloud-config...
[[0;32m  OK  [0m] Started Update UTMP about System Runlevel Changes.
[   17.601834] cloud-init[1318]: Generating locales (this might take a while)...
[   18.831794] cloud-init[1318]:   en_US.UTF-8... done
[   18.836259] cloud-init[1318]: Generation complete.

Ubuntu 16.04.6 LTS ubuntu-xenial ttyS0

ubuntu-xenial login: [   19.785452] cloud-init[1318]: Cloud-init v. 18.5-45-g3554ffe8-0ubuntu1~16.04.1 running 'modules:config' at Wed, 29 May 2019 23:20:47 +0000. Up 17.45 seconds.
ci-info: no authorized ssh keys fingerprints found for user ubuntu.
<14>May 29 23:20:51 ec2: 
<14>May 29 23:20:51 ec2: #############################################################
<14>May 29 23:20:51 ec2: -----BEGIN SSH HOST KEY FINGERPRINTS-----
<14>May 29 23:20:51 ec2: 1024 SHA256:s6Pr4aI6KpllPA0KQRuqedY/N65YsQsRcPbwwmJwbS0 root@ubuntu-xenial (DSA)
<14>May 29 23:20:51 ec2: 256 SHA256:shGMjlf5EA93zDUK8XfCU/PZrtcsN7ToJbVn3VavnHU root@ubuntu-xenial (ECDSA)
<14>May 29 23:20:51 ec2: 256 SHA256:me6tgp/91gf2Y7FyrHQo6uDUv2MuH82crEgRLm8qHxM root@ubuntu-xenial (ED25519)
<14>May 29 23:20:51 ec2: 2048 SHA256:L1XQ+LsNfyXWx91JrWm04mX9XBT58u6BzrujtfqaUjs root@ubuntu-xenial (RSA)
<14>May 29 23:20:51 ec2: -----END SSH HOST KEY FINGERPRINTS-----
<14>May 29 23:20:51 ec2: #############################################################
-----BEGIN SSH HOST KEY KEYS-----
ecdsa-sha2-nistp256 AAAAE2VjZHNhLXNoYTItbmlzdHAyNTYAAAAIbmlzdHAyNTYAAABBBCtY5twSxes+adKRfkdX+3ixs4ikg81Hwf/F2UUncM9bLcjtvtZphnkQpft0rK7/Xy9nw/kvcNsiKf2P2RjwreY= root@ubuntu-xenial
ssh-ed25519 AAAAC3NzaC1lZDI1NTE5AAAAINM4KHM7YitEP3z92w8R6dwCBiI03XUR/At1y6/oqxjm root@ubuntu-xenial
ssh-rsa AAAAB3NzaC1yc2EAAAADAQABAAABAQChRoVB4hfI31S0vFUNjnb3f6Cx8dZ/0gnmmYYsNQGLJTSCcFtDQDZkc/N+uYxqVkcCZPcIIaGQ7q6QA6oI+/W4oD/OI+OlpkFuzdmsc/9bz4K/P4jn1bq2heDJu0Z54RxKtl6HMwY50gWLjol9mosuJkPkcogFn4rs/3+6ydWxDt3VtuBhr3QFdnH0r2KpDRvhSpLi33RdmbAJ9iztLgGsU8Y02EIYJIRQckXrLtCFhrqAkGLHDPIIA4YBef5uIH1XFAMcTRsklBfMstH4+UlGqcHg+DbR0faXeVS6d9Q17WcXsQ0seSoqp+UB50r8nXAFhtzHQwVTlCJ8vIjsZNkl root@ubuntu-xenial
-----END SSH HOST KEY KEYS-----
[   20.739440] cloud-init[1436]: Cloud-init v. 18.5-45-g3554ffe8-0ubuntu1~16.04.1 running 'modules:final' at Wed, 29 May 2019 23:20:50 +0000. Up 20.45 seconds.
[   20.746646] cloud-init[1436]: ci-info: no authorized ssh keys fingerprints found for user ubuntu.
[   20.750116] cloud-init[1436]: Cloud-init v. 18.5-45-g3554ffe8-0ubuntu1~16.04.1 finished at Wed, 29 May 2019 23:20:51 +0000. Datasource DataSourceNoCloud [seed=/dev/sdb][dsmode=net].  Up 20.72 seconds
